Archive member included to satisfy reference by file (symbol)

C:/devkitPro/libogc/lib/cube\libogc.a(common_crt0.o)
                              (__app_start)
C:/devkitPro/libogc/lib/cube\libogc.a(early_init.o)
                              C:/devkitPro/libogc/lib/cube\libogc.a(common_crt0.o) (PPCEarlyInit)
C:/devkitPro/libogc/lib/cube\libogc.a(default_stacks.o)
                              C:/devkitPro/libogc/lib/cube\libogc.a(common_crt0.o) (__ppc_main_sp)
C:/devkitPro/libogc/lib/cube\libogc.a(exception.o)
                              C:/devkitPro/libogc/lib/cube\libogc.a(common_crt0.o) (PPCExcptInit)
C:/devkitPro/libogc/lib/cube\libogc.a(exception_asm.o)
                              C:/devkitPro/libogc/lib/cube\libogc.a(exception.o) (PPCExcptEntryGeneral)
C:/devkitPro/libogc/lib/cube\libogc.a(interrupt.o)
                              C:/devkitPro/libogc/lib/cube\libogc.a(common_crt0.o) (KIrqInit)
C:/devkitPro/libogc/lib/cube\libogc.a(interrupt_asm.o)
                              C:/devkitPro/libogc/lib/cube\libogc.a(interrupt.o) (PPCExcptIrqHandler)
C:/devkitPro/libogc/lib/cube\libogc.a(thread.o)
                              C:/devkitPro/libogc/lib/cube\libogc.a(common_crt0.o) (KThreadInit)
C:/devkitPro/libogc/lib/cube\libogc.a(sync.o)
                              C:/devkitPro/libogc/lib/cube\libogc.a(thread.o) (KThreadUpdateDynamicPrio)
C:/devkitPro/libogc/lib/cube\libogc.a(tick.o)
                              C:/devkitPro/libogc/lib/cube\libogc.a(interrupt.o) (KTickTaskRun)
C:/devkitPro/libogc/lib/cube\libogc.a(newlib_syscalls.o)
                              C:/devkitPro/libogc/lib/cube\libogc.a(common_crt0.o) (__newlib_syscalls)
C:/devkitPro/libogc/lib/cube\libogc.a(console.o)
                              main.o (CON_Init)
C:/devkitPro/libogc/lib/cube\libogc.a(video.o)
                              C:/devkitPro/libogc/lib/cube\libogc.a(console.o) (VIDEO_GetCurrentFramebuffer)
C:/devkitPro/libogc/lib/cube\libogc.a(pad.o)
                              main.o (PAD_Init)
C:/devkitPro/libogc/lib/cube\libogc.a(system.o)
                              main.o (SYS_MainLoop)
C:/devkitPro/libogc/lib/cube\libogc.a(si.o)
                              C:/devkitPro/libogc/lib/cube\libogc.a(pad.o) (SI_Busy)
C:/devkitPro/libogc/lib/cube\libogc.a(console_font_8x16.o)
                              C:/devkitPro/libogc/lib/cube\libogc.a(console.o) (console_font_8x16)
C:/devkitPro/libogc/lib/cube\libogc.a(timesupp.o)
                              C:/devkitPro/libogc/lib/cube\libogc.a(system.o) (settime)
C:/devkitPro/libogc/lib/cube\libogc.a(usbgecko.o)
                              C:/devkitPro/libogc/lib/cube\libogc.a(console.o) (usb_isgeckoalive)
C:/devkitPro/libogc/lib/cube\libogc.a(sbrk.o)
                              C:/devkitPro/libogc/lib/cube\libogc.a(system.o) (_sbrk_r)
C:/devkitPro/libogc/lib/cube\libogc.a(argv.o)
                              C:/devkitPro/libogc/lib/cube\libogc.a(common_crt0.o) (__CheckARGV)
C:/devkitPro/libogc/lib/cube\libogc.a(default_panic.o)
                              C:/devkitPro/libogc/lib/cube\libogc.a(system.o) (__libogc_panic)
C:/devkitPro/libogc/lib/cube\libogc.a(cache.o)
                              C:/devkitPro/libogc/lib/cube\libogc.a(exception.o) (PPCDCacheFlushAsync)
C:/devkitPro/libogc/lib/cube\libogc.a(lwpc_alarm.o)
                              C:/devkitPro/libogc/lib/cube\libogc.a(si.o) (SYS_CreateAlarm)
C:/devkitPro/libogc/lib/cube\libogc.a(lwpc_queue.o)
                              C:/devkitPro/libogc/lib/cube\libogc.a(video.o) (LWP_InitQueue)
C:/devkitPro/libogc/lib/cube\libogc.a(lwp_wkspace.o)
                              C:/devkitPro/libogc/lib/cube\libogc.a(lwpc_alarm.o) (__wkspace_heap)
C:/devkitPro/libogc/lib/cube\libogc.a(lwp_heap.o)
                              C:/devkitPro/libogc/lib/cube\libogc.a(lwp_wkspace.o) (__lwp_heap_init)
C:/devkitPro/libogc/lib/cube\libogc.a(exi.o)
                              C:/devkitPro/libogc/lib/cube\libogc.a(system.o) (EXI_Lock)
C:/devkitPro/libogc/lib/cube\libogc.a(cache_asm.o)
                              C:/devkitPro/libogc/lib/cube\libogc.a(system.o) (ICFlashInvalidate)
C:/devkitPro/libogc/lib/cube\libogc.a(gx.o)
                              C:/devkitPro/libogc/lib/cube\libogc.a(default_panic.o) (GX_AbortFrame)
C:/devkitPro/libogc/lib/cube\libogc.a(kprintf.o)
                              C:/devkitPro/libogc/lib/cube\libogc.a(default_panic.o) (kprintf)
C:/devkitPro/libogc/lib/cube\libogc.a(lwpc_thread.o)
                              C:/devkitPro/libogc/lib/cube\libogc.a(gx.o) (LWP_SuspendThread)
C:/devkitPro/libogc/lib/cube\libogc.a(lwp_queue.o)
                              C:/devkitPro/libogc/lib/cube\libogc.a(exi.o) (__lwp_queue_initialize)
C:/devkitPro/devkitPPC/bin/../lib/gcc/powerpc-eabi/15.2.0/../../../../powerpc-eabi/lib\libm.a(libm_a-sf_cos.o)
                              C:/devkitPro/libogc/lib/cube\libogc.a(gx.o) (cosf)
[...]
Memory Configuration

Name             Origin             Length             Attributes
*default*        0x00000000         0xffffffff

Linker script and memory map

                0x80003100                        . = 0x80003100
                0x00000000                        PROVIDE (__isIPL = 0x0)
                0x800000d0                        PROVIDE (__ppc_excpt_buf = 0x800000d0)
                0x80003000                        PROVIDE (__ppc_excpt_table = 0x80003000)

.init           0x80003100       0xa0
 *(.crt0 .crt0.*)
 .crt0.__app_start
                0x80003100       0xa0 C:/devkitPro/libogc/lib/cube\libogc.a(common_crt0.o)
                0x80003100                __app_start

.text           0x800031a0    0x19e30
 *(SORT_NONE(.init))
 .init          0x800031a0        0xc C:/devkitPro/devkitPPC/bin/../lib/gcc/powerpc-eabi/15.2.0/ecrti.o
                0x800031a0                __init
 .init          0x800031ac        0x4 C:/devkitPro/devkitPPC/bin/../lib/gcc/powerpc-eabi/15.2.0/crtbegin.o
 .init          0x800031b0        0x4 C:/devkitPro/devkitPPC/bin/../lib/gcc/powerpc-eabi/15.2.0/crtend.o
 .init          0x800031b4       0x10 C:/devkitPro/devkitPPC/bin/../lib/gcc/powerpc-eabi/15.2.0/ecrtn.o
 *(.text.unlikely .text.*_unlikely .text.unlikely.*)
 .text.unlikely.abort
                0x800031c4       0x2c C:/devkitPro/devkitPPC/bin/../lib/gcc/powerpc-eabi/15.2.0/../../../../powerpc-eabi/lib\libsysbase.a(libsysbase_libsysbase_a-abort.o)
                0x800031c4                abort
 *(.text.exit .text.exit.*)
 .text.exit     0x800031f0       0x3c C:/devkitPro/devkitPPC/bin/../lib/gcc/powerpc-eabi/15.2.0/../../../../powerpc-eabi/lib\libc.a(libc_a-exit.o)
                0x800031f0                exit
 *(.text.startup .text.startup.*)
 .text.startup.main
                0x8000322c      0x588 main.o
                0x8000322c                main
 .text.startup.register_fini
                0x800037b4        0xc C:/devkitPro/devkitPPC/bin/../lib/gcc/powerpc-eabi/15.2.0/../../../../powerpc-eabi/lib\libc.a(libc_a-__call_atexit.o)
 *(.text.hot .text.hot.*)
 *(SORT_BY_NAME(.text.sorted.*))
 *(.text .iplt .stub .text.* .gnu.linkonce.t.*)
 .text.__do_global_dtors_aux
                0x800037c0       0xcc C:/devkitPro/devkitPPC/bin/../lib/gcc/powerpc-eabi/15.2.0/crtbegin.o
 .text.frame_dummy
                0x8000388c       0x24 C:/devkitPro/devkitPPC/bin/../lib/gcc/powerpc-eabi/15.2.0/crtbegin.o
 .iplt          0x800038b0        0x0 C:/devkitPro/devkitPPC/bin/../lib/gcc/powerpc-eabi/15.2.0/crtbegin.o
 .text.quit     0x800038b0       0x48 main.o
                0x800038b0                quit
 .text.win      0x800038f8       0x40 main.o
                0x800038f8                win
 .text.drawScreen
                0x80003938      0x154 main.o
                0x80003938                drawScreen
 .text.Initialise
                0x80003a8c       0xc0 main.o
                0x80003a8c                Initialise
 .text.DEBUGPrint
                0x80003b4c        0x4 C:/devkitPro/libogc/lib/cube\libogc.a(common_crt0.o)
                0x80003b4c                DEBUGPrint
 .text.__eabi   0x80003b50        0x4 C:/devkitPro/libogc/lib/cube\libogc.a(common_crt0.o)
                0x80003b50                __eabi
 .text.PPCEarlyInit
                0x80003b54       0x24 C:/devkitPro/libogc/lib/cube\libogc.a(early_init.o)
                0x80003b54                PPCEarlyInit
 .text.PPCEarlyInitImpl
                0x80003b78      0x150 C:/devkitPro/libogc/lib/cube\libogc.a(early_init.o)
 *fill*         0x80003cc8       0x18 00000000
 .text.PPCHotReset
                0x80003ce0       0x70 C:/devkitPro/libogc/lib/cube\libogc.a(early_init.o)
                0x80003ce0                PPCHotReset
 .text.PPCExcptDefaultPanicFn
                0x80003d50       0xac C:/devkitPro/libogc/lib/cube\libogc.a(exception.o)
 .text.PPCExcptInit
                0x80003dfc      0x124 C:/devkitPro/libogc/lib/cube\libogc.a(exception.o)
                0x80003dfc                PPCExcptInit
 .text.PPCExcptEntryGeneral
                0x80003f20       0x60 C:/devkitPro/libogc/lib/cube\libogc.a(exception_asm.o)
                0x80003f24                PPCExcptEntryGeneral
 .text.PPCExcptEntryFpu
                0x80003f80       0x90 C:/devkitPro/libogc/lib/cube\libogc.a(exception_asm.o)
                0x80003f84                PPCExcptEntryFpu
 .text.PPCExcptFpuHandler
                0x80004010      0x260 C:/devkitPro/libogc/lib/cube\libogc.a(exception_asm.o)
 .text.PPCExcptDefaultHandler
                0x80004270      0x13c C:/devkitPro/libogc/lib/cube\libogc.a(exception_asm.o)
                0x80004270                PPCExcptDefaultHandler
 .text.KIrqInit
                0x800043ac       0x8c C:/devkitPro/libogc/lib/cube\libogc.a(interrupt.o)
                0x800043ac                KIrqInit
 .text.KIrqDispatch
                0x80004438      0x250 C:/devkitPro/libogc/lib/cube\libogc.a(interrupt.o)
                0x80004438                KIrqDispatch
 .text.KIrqEnable
                0x80004688      0x23c C:/devkitPro/libogc/lib/cube\libogc.a(interrupt.o)
                0x80004688                KIrqEnable
 .text.KIrqDisable
                0x800048c4      0x238 C:/devkitPro/libogc/lib/cube\libogc.a(interrupt.o)
                0x800048c4                KIrqDisable
 .text.KIrqGet  0x80004afc       0x14 C:/devkitPro/libogc/lib/cube\libogc.a(interrupt.o)
                0x80004afc                KIrqGet
 .text.KIrqSet  0x80004b10       0x3c C:/devkitPro/libogc/lib/cube\libogc.a(interrupt.o)
                0x80004b10                KIrqSet
 .text.PPCExcptIrqHandler
                0x80004b4c      0x144 C:/devkitPro/libogc/lib/cube\libogc.a(interrupt_asm.o)
                0x80004b4c                PPCExcptIrqHandler
 .text.__PPCContextPrepareToJump
                0x80004c90       0x4c C:/devkitPro/libogc/lib/cube\libogc.a(interrupt_asm.o)
                0x80004c90                __PPCContextPrepareToJump
 .text.__PPCContextJump
                0x80004cdc        0x8 C:/devkitPro/libogc/lib/cube\libogc.a(interrupt_asm.o)
                0x80004cdc                __PPCContextJump
 .text.KThreadIdleMain
                0x80004ce4        0x4 C:/devkitPro/libogc/lib/cube\libogc.a(thread.o)
 .text.__getreent
                0x80004ce8       0x24 C:/devkitPro/libogc/lib/cube\libogc.a(thread.o)
                0x80004ce8                __getreent
 .text.KThreadInit
                0x80004d0c      0x100 C:/devkitPro/libogc/lib/cube\libogc.a(thread.o)
                0x80004d0c                KThreadInit
 .text.KThreadSwitchTo
                0x80004e0c       0x88 C:/devkitPro/libogc/lib/cube\libogc.a(thread.o)
                0x80004e0c                KThreadSwitchTo
 .text.KThrQueueBlock
                0x80004e94      0x108 C:/devkitPro/libogc/lib/cube\libogc.a(thread.o)
                0x80004e94                KThrQueueBlock
 .text.KThrQueueUnblockAllByValue
                0x80004f9c      0x14c C:/devkitPro/libogc/lib/cube\libogc.a(thread.o)
                0x80004f9c                KThrQueueUnblockAllByValue
 .text.KThreadUpdateDynamicPrio
                0x800050e8      0x1f4 C:/devkitPro/libogc/lib/cube\libogc.a(sync.o)
                0x800050e8                KThreadUpdateDynamicPrio
 .text.KThreadRemoveWaiter
                0x800052dc      0x178 C:/devkitPro/libogc/lib/cube\libogc.a(sync.o)
 .text.KMutexLock
                0x80005454      0x194 C:/devkitPro/libogc/lib/cube\libogc.a(sync.o)
                0x80005454                KMutexLock
 .text.KMutexUnlock
                0x800055e8      0x104 C:/devkitPro/libogc/lib/cube\libogc.a(sync.o)
                0x800055e8                KMutexUnlock
 .text.KTickTaskReschedule
                0x800056ec       0x6c C:/devkitPro/libogc/lib/cube\libogc.a(tick.o)
 .text.KTickTaskRun
                0x80005758      0x128 C:/devkitPro/libogc/lib/cube\libogc.a(tick.o)
                0x80005758                KTickTaskRun
 .text.KTickTaskStart
                0x80005880      0x168 C:/devkitPro/libogc/lib/cube\libogc.a(tick.o)
                0x80005880                KTickTaskStart
 .text.KTickTaskStop
                0x800059e8       0xc4 C:/devkitPro/libogc/lib/cube\libogc.a(tick.o)
                0x800059e8                KTickTaskStop
 .text.__syscall_lock_acquire
                0x80005aac        0x4 C:/devkitPro/libogc/lib/cube\libogc.a(newlib_syscalls.o)
                0x80005aac                __syscall_lock_acquire
 .text.__syscall_lock_release
                0x80005ab0        0x4 C:/devkitPro/libogc/lib/cube\libogc.a(newlib_syscalls.o)
                0x80005ab0                __syscall_lock_release
 .text.__syscall_lock_acquire_recursive
                0x80005ab4       0x50 C:/devkitPro/libogc/lib/cube\libogc.a(newlib_syscalls.o)
                0x80005ab4                __syscall_lock_acquire_recursive
 .text.__syscall_lock_release_recursive
                0x80005b04       0x18 C:/devkitPro/libogc/lib/cube\libogc.a(newlib_syscalls.o)
                0x80005b04                __syscall_lock_release_recursive
 .text.RGB8_to_YCbCr
                0x80005b1c      0x144 C:/devkitPro/libogc/lib/cube\libogc.a(console.o)
 .text.__console_drawc.part.0
                0x80005c60      0x278 C:/devkitPro/libogc/lib/cube\libogc.a(console.o)
 .text.__console_clear
                0x80005ed8      0x190 C:/devkitPro/libogc/lib/cube\libogc.a(console.o)
 .text.__set_default_console
                0x80006068      0x108 C:/devkitPro/libogc/lib/cube\libogc.a(console.o)
 .text.__console_clear_line
                0x80006170      0x174 C:/devkitPro/libogc/lib/cube\libogc.a(console.o)
 .text.__console_init
                0x800062e4       0x54 C:/devkitPro/libogc/lib/cube\libogc.a(console.o)
                0x800062e4                __console_init
 .text.newRow   0x80006338      0x134 C:/devkitPro/libogc/lib/cube\libogc.a(console.o)
                0x80006338                newRow
 .text.consolePrintChar.part.0
                0x8000646c      0x228 C:/devkitPro/libogc/lib/cube\libogc.a(console.o)
 .text.__console_write
                0x80006694      0xec8 C:/devkitPro/libogc/lib/cube\libogc.a(console.o)
                0x80006694                __console_write
 .text.CON_Init
                0x8000755c       0xe4 C:/devkitPro/libogc/lib/cube\libogc.a(console.o)
                0x8000755c                CON_Init
 .text.CON_EnableGecko
                0x80007640       0xf8 C:/devkitPro/libogc/lib/cube\libogc.a(console.o)
                0x80007640                CON_EnableGecko
 .text.consoleClear
                0x80007738       0x10 C:/devkitPro/libogc/lib/cube\libogc.a(console.o)
                0x80007738                consoleClear
 .text.__VIRetraceHandler
                0x80007748      0x200 C:/devkitPro/libogc/lib/cube\libogc.a(video.o)
 .text.__setFbbRegs.constprop.0
                0x80007948      0x190 C:/devkitPro/libogc/lib/cube\libogc.a(video.o)
 .text.__VIClearFramebuffer
                0x80007ad8       0x48 C:/devkitPro/libogc/lib/cube\libogc.a(video.o)
                0x80007ad8                __VIClearFramebuffer
 .text.VIDEO_Init
                0x80007b20      0x3a0 C:/devkitPro/libogc/lib/cube\libogc.a(video.o)
                0x80007b20                VIDEO_Init
 .text.VIDEO_Configure
                0x80007ec0      0x5cc C:/devkitPro/libogc/lib/cube\libogc.a(video.o)
                0x80007ec0                VIDEO_Configure
 .text.VIDEO_WaitVSync
                0x8000848c       0x68 C:/devkitPro/libogc/lib/cube\libogc.a(video.o)
                0x8000848c                VIDEO_WaitVSync
 .text.VIDEO_SetFramebuffer
                0x800084f4       0xc4 C:/devkitPro/libogc/lib/cube\libogc.a(video.o)
                0x800084f4                VIDEO_SetFramebuffer
 .text.VIDEO_SetNextFramebuffer
                0x800085b8       0x54 C:/devkitPro/libogc/lib/cube\libogc.a(video.o)
                0x800085b8                VIDEO_SetNextFramebuffer
 .text.VIDEO_Flush
                0x8000860c       0xe8 C:/devkitPro/libogc/lib/cube\libogc.a(video.o)
                0x8000860c                VIDEO_Flush
 .text.VIDEO_SetBlack
                0x800086f4      0x150 C:/devkitPro/libogc/lib/cube\libogc.a(video.o)
                0x800086f4                VIDEO_SetBlack
 .text.VIDEO_GetCurrentTvMode
                0x80008844       0x64 C:/devkitPro/libogc/lib/cube\libogc.a(video.o)
                0x80008844                VIDEO_GetCurrentTvMode
 .text.VIDEO_GetPreferredMode
                0x800088a8       0xe0 C:/devkitPro/libogc/lib/cube\libogc.a(video.o)
                0x800088a8                VIDEO_GetPreferredMode
 .text.VIDEO_GetCurrentLine
                0x80008988       0x94 C:/devkitPro/libogc/lib/cube\libogc.a(video.o)
                0x80008988                VIDEO_GetCurrentLine
 .text.VIDEO_GetFrameBufferSize
                0x80008a1c       0x34 C:/devkitPro/libogc/lib/cube\libogc.a(video.o)
                0x80008a1c                VIDEO_GetFrameBufferSize
 .text.SPEC1_MakeStatus
                0x80008a50      0x104 C:/devkitPro/libogc/lib/cube\libogc.a(pad.o)
 .text.__pad_samplinghandler
                0x80008b54        0x4 C:/devkitPro/libogc/lib/cube\libogc.a(pad.o)
 .text.__pad_updateorigin
                0x80008b58       0x94 C:/devkitPro/libogc/lib/cube\libogc.a(pad.o)
 .text.__pad_disable
                0x80008bec       0xa0 C:/devkitPro/libogc/lib/cube\libogc.a(pad.o)
 .text.__pad_receivecheckcallback
                0x80008c8c       0x74 C:/devkitPro/libogc/lib/cube\libogc.a(pad.o)
 .text.__pad_doreset
                0x80008d00       0x5c C:/devkitPro/libogc/lib/cube\libogc.a(pad.o)
 .text.__pad_typeandstatuscallback
                0x80008d5c      0x1b4 C:/devkitPro/libogc/lib/cube\libogc.a(pad.o)
 .text.__pad_originupdatecallback
                0x80008f10       0x2c C:/devkitPro/libogc/lib/cube\libogc.a(pad.o)
 .text.__pad_onreset
                0x80008f3c      0x100 C:/devkitPro/libogc/lib/cube\libogc.a(pad.o)
 .text.SPEC2_MakeStatus
                0x8000903c      0x220 C:/devkitPro/libogc/lib/cube\libogc.a(pad.o)
 .text.__pad_origincallback
                0x8000925c       0x74 C:/devkitPro/libogc/lib/cube\libogc.a(pad.o)
 .text.__pad_probecallback
                0x800092d0       0x84 C:/devkitPro/libogc/lib/cube\libogc.a(pad.o)
 .text.__PADDisableRecalibration
                0x80009354       0x54 C:/devkitPro/libogc/lib/cube\libogc.a(pad.o)
                0x80009354                __PADDisableRecalibration
 .text.PAD_Reset
                0x800093a8       0xdc C:/devkitPro/libogc/lib/cube\libogc.a(pad.o)
                0x800093a8                PAD_Reset
 .text.PAD_Read
                0x80009484      0x2c0 C:/devkitPro/libogc/lib/cube\libogc.a(pad.o)
                0x80009484                PAD_Read
 .text.PAD_Init
                0x80009744       0xf8 C:/devkitPro/libogc/lib/cube\libogc.a(pad.o)
                0x80009744                PAD_Init
 .text.PAD_ScanPads
                0x8000983c      0x13c C:/devkitPro/libogc/lib/cube\libogc.a(pad.o)
                0x8000983c                PAD_ScanPads
 .text.PAD_ButtonsDown
                0x80009978       0x40 C:/devkitPro/libogc/lib/cube\libogc.a(pad.o)
                0x80009978                PAD_ButtonsDown
 .text.PAD_StickX
                0x800099b8       0x40 C:/devkitPro/libogc/lib/cube\libogc.a(pad.o)
                0x800099b8                PAD_StickX
 .text.PAD_StickY
                0x800099f8       0x40 C:/devkitPro/libogc/lib/cube\libogc.a(pad.o)
                0x800099f8                PAD_StickY
 .text.__call_resetfuncs
                0x80009a38       0xdc C:/devkitPro/libogc/lib/cube\libogc.a(system.o)
 .text.__MEMInterruptHandler
                0x80009b14       0x14 C:/devkitPro/libogc/lib/cube\libogc.a(system.o)
 .text.__RSWDefaultHandler
                0x80009b28        0x4 C:/devkitPro/libogc/lib/cube\libogc.a(system.o)
 .text.__getrtc
                0x80009b2c      0x14c C:/devkitPro/libogc/lib/cube\libogc.a(system.o)
 .text.__sram_write
                0x80009c78      0x144 C:/devkitPro/libogc/lib/cube\libogc.a(system.o)
 .text.__sram_writecallback
                0x80009dbc       0x54 C:/devkitPro/libogc/lib/cube\libogc.a(system.o)
 .text.__RSWHandler
                0x80009e10      0x158 C:/devkitPro/libogc/lib/cube\libogc.a(system.o)
 .text.__mem_onreset
                0x80009f68       0x48 C:/devkitPro/libogc/lib/cube\libogc.a(system.o)
 .text.__unlocksram
                0x80009fb0      0x120 C:/devkitPro/libogc/lib/cube\libogc.a(system.o)
 .text.__reload
                0x8000a0d0       0xa4 C:/devkitPro/libogc/lib/cube\libogc.a(system.o)
                0x8000a0d0                __reload
 .text.SYS_MainLoop
                0x8000a174       0x3c C:/devkitPro/libogc/lib/cube\libogc.a(system.o)
                0x8000a174                SYS_MainLoop
 .text.__syscall_malloc_lock
                0x8000a1b0       0x4c C:/devkitPro/libogc/lib/cube\libogc.a(system.o)
                0x8000a1b0                __syscall_malloc_lock
 .text.__syscall_malloc_unlock
                0x8000a1fc       0x1c C:/devkitPro/libogc/lib/cube\libogc.a(system.o)
                0x8000a1fc                __syscall_malloc_unlock
 .text.__SYS_LockSram
                0x8000a218       0x50 C:/devkitPro/libogc/lib/cube\libogc.a(system.o)
                0x8000a218                __SYS_LockSram
 .text.__SYS_UnlockSram
                0x8000a268        0x8 C:/devkitPro/libogc/lib/cube\libogc.a(system.o)
                0x8000a268                __SYS_UnlockSram
 .text.__SYS_GetRTC
                0x8000a270       0x98 C:/devkitPro/libogc/lib/cube\libogc.a(system.o)
                0x8000a270                __SYS_GetRTC
 .text.__SYS_SetBootTime
                0x8000a308      0x124 C:/devkitPro/libogc/lib/cube\libogc.a(system.o)
                0x8000a308                __SYS_SetBootTime
 .text.__SYS_PreInit
                0x8000a42c        0x4 C:/devkitPro/libogc/lib/cube\libogc.a(system.o)
                0x8000a42c                __SYS_PreInit
 .text.__SYS_InstallPanicHandler
                0x8000a430       0x10 C:/devkitPro/libogc/lib/cube\libogc.a(system.o)
                0x8000a430                __SYS_InstallPanicHandler
 .text.SYS_PreMain
                0x8000a440        0x4 C:/devkitPro/libogc/lib/cube\libogc.a(system.o)
                0x8000a440                SYS_PreMain
 .text.SYS_ResetButtonDown
                0x8000a444       0x18 C:/devkitPro/libogc/lib/cube\libogc.a(system.o)
                0x8000a444                SYS_ResetButtonDown
 .text.SYS_ResetSystem
                0x8000a45c      0x2a8 C:/devkitPro/libogc/lib/cube\libogc.a(system.o)
                0x8000a45c                SYS_ResetSystem
 .text.__syscall_exit
                0x8000a704       0x8c C:/devkitPro/libogc/lib/cube\libogc.a(system.o)
                0x8000a704                __syscall_exit
 .text.SYS_RegisterResetFunc
                0x8000a790       0x6c C:/devkitPro/libogc/lib/cube\libogc.a(system.o)
                0x8000a790                SYS_RegisterResetFunc
 .text.SYS_SetArena1Lo
                0x8000a7fc       0x24 C:/devkitPro/libogc/lib/cube\libogc.a(system.o)
                0x8000a7fc                SYS_SetArena1Lo
 .text.SYS_GetArena1Lo
                0x8000a820       0x24 C:/devkitPro/libogc/lib/cube\libogc.a(system.o)
                0x8000a820                SYS_GetArena1Lo
 .text.SYS_GetArena1Hi
                0x8000a844       0x24 C:/devkitPro/libogc/lib/cube\libogc.a(system.o)
                0x8000a844                SYS_GetArena1Hi
 .text.SYS_AllocateFramebuffer
                0x8000a868       0x28 C:/devkitPro/libogc/lib/cube\libogc.a(system.o)
                0x8000a868                SYS_AllocateFramebuffer
 .text.SYS_GetWirelessID
                0x8000a890       0x78 C:/devkitPro/libogc/lib/cube\libogc.a(system.o)
                0x8000a890                SYS_GetWirelessID
 .text.SYS_SetWirelessID
                0x8000a908       0x84 C:/devkitPro/libogc/lib/cube\libogc.a(system.o)
                0x8000a908                SYS_SetWirelessID
 .text.SYS_SetGBSMode
                0x8000a98c       0x9c C:/devkitPro/libogc/lib/cube\libogc.a(system.o)
                0x8000a98c                SYS_SetGBSMode
 .text.__sram_init
                0x8000aa28      0x1b0 C:/devkitPro/libogc/lib/cube\libogc.a(system.o)
                0x8000aa28                __sram_init
 .text.SYS_Init
                0x8000abd8      0x4fc C:/devkitPro/libogc/lib/cube\libogc.a(system.o)
                0x8000abd8                SYS_Init
 .text.SYS_Time
                0x8000b0d4       0x54 C:/devkitPro/libogc/lib/cube\libogc.a(system.o)
                0x8000b0d4                SYS_Time
 .text.__si_transfer
                0x8000b128      0x1b8 C:/devkitPro/libogc/lib/cube\libogc.a(si.o)
 .text.__si_alarmhandler
                0x8000b2e0       0xa0 C:/devkitPro/libogc/lib/cube\libogc.a(si.o)
 .text.__si_completetransfer
                0x8000b380      0x1fc C:/devkitPro/libogc/lib/cube\libogc.a(si.o)
 .text.__si_transfernext
                0x8000b57c       0xd8 C:/devkitPro/libogc/lib/cube\libogc.a(si.o)
 .text.SI_Busy  0x8000b654       0x18 C:/devkitPro/libogc/lib/cube\libogc.a(si.o)
                0x8000b654                SI_Busy
 .text.SI_IsChanBusy
                0x8000b66c       0x38 C:/devkitPro/libogc/lib/cube\libogc.a(si.o)
                0x8000b66c                SI_IsChanBusy
 .text.SI_EnablePolling
                0x8000b6a4       0x64 C:/devkitPro/libogc/lib/cube\libogc.a(si.o)
                0x8000b6a4                SI_EnablePolling
 .text.SI_DisablePolling
                0x8000b708       0x44 C:/devkitPro/libogc/lib/cube\libogc.a(si.o)
                0x8000b708                SI_DisablePolling
 .text.SI_SetSamplingRate
                0x8000b74c      0x108 C:/devkitPro/libogc/lib/cube\libogc.a(si.o)
                0x8000b74c                SI_SetSamplingRate
 .text.SI_RefreshSamplingRate
                0x8000b854        0x8 C:/devkitPro/libogc/lib/cube\libogc.a(si.o)
                0x8000b854                SI_RefreshSamplingRate
 .text.SI_GetStatus
                0x8000b85c       0x6c C:/devkitPro/libogc/lib/cube\libogc.a(si.o)
                0x8000b85c                SI_GetStatus
 .text.SI_GetResponseRaw
                0x8000b8c8       0xd4 C:/devkitPro/libogc/lib/cube\libogc.a(si.o)
                0x8000b8c8                SI_GetResponseRaw
 .text.SI_GetResponse
                0x8000b99c       0xa4 C:/devkitPro/libogc/lib/cube\libogc.a(si.o)
                0x8000b99c                SI_GetResponse
 .text.SI_SetCommand
                0x8000ba40       0x10 C:/devkitPro/libogc/lib/cube\libogc.a(si.o)
                0x8000ba40                SI_SetCommand
 .text.SI_Transfer
                0x8000ba50      0x2ac C:/devkitPro/libogc/lib/cube\libogc.a(si.o)
                0x8000ba50                SI_Transfer
 .text.__si_gettypecallback
                0x8000bcfc      0x2b8 C:/devkitPro/libogc/lib/cube\libogc.a(si.o)
 .text.__si_interrupthandler
                0x8000bfb4      0x278 C:/devkitPro/libogc/lib/cube\libogc.a(si.o)
 .text.SI_GetType
                0x8000c22c      0x1fc C:/devkitPro/libogc/lib/cube\libogc.a(si.o)
                0x8000c22c                SI_GetType
 .text.SI_GetTypeAsync
                0x8000c428      0x134 C:/devkitPro/libogc/lib/cube\libogc.a(si.o)
                0x8000c428                SI_GetTypeAsync
 .text.SI_EnablePollingInterrupt
                0x8000c55c       0x80 C:/devkitPro/libogc/lib/cube\libogc.a(si.o)
                0x8000c55c                SI_EnablePollingInterrupt
 .text.SI_UnregisterPollingHandler
                0x8000c5dc       0xd8 C:/devkitPro/libogc/lib/cube\libogc.a(si.o)
                0x8000c5dc                SI_UnregisterPollingHandler
 .text.__si_init
                0x8000c6b4       0xe0 C:/devkitPro/libogc/lib/cube\libogc.a(si.o)
                0x8000c6b4                __si_init
 .text.settime  0x8000c794       0x14 C:/devkitPro/libogc/lib/cube\libogc.a(timesupp.o)
                0x8000c794                settime
 .text.udelay   0x8000c7a8       0xac C:/devkitPro/libogc/lib/cube\libogc.a(timesupp.o)
                0x8000c7a8                udelay
 .text.__usbgecko_exi_unlock
                0x8000c854       0x34 C:/devkitPro/libogc/lib/cube\libogc.a(usbgecko.o)
 .text.usb_isgeckoalive
                0x8000c888      0x1b8 C:/devkitPro/libogc/lib/cube\libogc.a(usbgecko.o)
                0x8000c888                usb_isgeckoalive
 .text.usb_sendbuffer_ex
                0x8000ca40      0x208 C:/devkitPro/libogc/lib/cube\libogc.a(usbgecko.o)
                0x8000ca40                usb_sendbuffer_ex
 .text.usb_sendbuffer
                0x8000cc48        0x8 C:/devkitPro/libogc/lib/cube\libogc.a(usbgecko.o)
                0x8000cc48                usb_sendbuffer
 .text.usb_sendbuffer_safe_ex
                0x8000cc50      0x2a0 C:/devkitPro/libogc/lib/cube\libogc.a(usbgecko.o)
                0x8000cc50                usb_sendbuffer_safe_ex
 .text.usb_sendbuffer_safe
                0x8000cef0        0x8 C:/devkitPro/libogc/lib/cube\libogc.a(usbgecko.o)
                0x8000cef0                usb_sendbuffer_safe
 .text._sbrk_r  0x8000cef8       0xcc C:/devkitPro/libogc/lib/cube\libogc.a(sbrk.o)
                0x8000cef8                _sbrk_r
 .text.__CheckARGV
                0x8000cfc4       0x80 C:/devkitPro/libogc/lib/cube\libogc.a(argv.o)
                0x8000cfc4                __CheckARGV
 .text.__libogc_panic
                0x8000d044      0x390 C:/devkitPro/libogc/lib/cube\libogc.a(default_panic.o)
                0x8000d044                __libogc_panic
 .text.PPCDCacheFlushAsync
                0x8000d3d4       0x28 C:/devkitPro/libogc/lib/cube\libogc.a(cache.o)
                0x8000d3d4                PPCDCacheFlushAsync
 .text.PPCDCacheInvalidate
                0x8000d3fc       0x28 C:/devkitPro/libogc/lib/cube\libogc.a(cache.o)
                0x8000d3fc                PPCDCacheInvalidate
 .text.PPCICacheInvalidate
                0x8000d424       0x28 C:/devkitPro/libogc/lib/cube\libogc.a(cache.o)
                0x8000d424                PPCICacheInvalidate
 .text.lwpc_alarm_cb
                0x8000d44c       0x10 C:/devkitPro/libogc/lib/cube\libogc.a(lwpc_alarm.o)
 .text.SYS_CreateAlarm
                0x8000d45c       0x74 C:/devkitPro/libogc/lib/cube\libogc.a(lwpc_alarm.o)
                0x8000d45c                SYS_CreateAlarm
 .text.SYS_SetAlarm
                0x8000d4d0      0x108 C:/devkitPro/libogc/lib/cube\libogc.a(lwpc_alarm.o)
                0x8000d4d0                SYS_SetAlarm
 .text.SYS_CancelAlarm
                0x8000d5d8       0x34 C:/devkitPro/libogc/lib/cube\libogc.a(lwpc_alarm.o)
                0x8000d5d8                SYS_CancelAlarm
 .text.LWP_InitQueue
                0x8000d60c       0xdc C:/devkitPro/libogc/lib/cube\libogc.a(lwpc_queue.o)
                0x8000d60c                LWP_InitQueue
 .text.LWP_ThreadSleep
                0x8000d6e8       0x44 C:/devkitPro/libogc/lib/cube\libogc.a(lwpc_queue.o)
                0x8000d6e8                LWP_ThreadSleep
 .text.LWP_ThreadBroadcast
                0x8000d72c       0x1c C:/devkitPro/libogc/lib/cube\libogc.a(lwpc_queue.o)
                0x8000d72c                LWP_ThreadBroadcast
 .text.__lwp_wkspace_init
                0x8000d748       0xa4 C:/devkitPro/libogc/lib/cube\libogc.a(lwp_wkspace.o)
                0x8000d748                __lwp_wkspace_init
 .text.__lwp_heap_init
                0x8000d7ec       0x90 C:/devkitPro/libogc/lib/cube\libogc.a(lwp_heap.o)
                0x8000d7ec                __lwp_heap_init
 .text.__lwp_heap_allocate
                0x8000d87c      0x14c C:/devkitPro/libogc/lib/cube\libogc.a(lwp_heap.o)
                0x8000d87c                __lwp_heap_allocate
 .text.__exi_irq_handler
                0x8000d9c8       0x58 C:/devkitPro/libogc/lib/cube\libogc.a(exi.o)
 .text.__ext_irq_handler
                0x8000da20       0xc8 C:/devkitPro/libogc/lib/cube\libogc.a(exi.o)
 .text.__tc_irq_handler
                0x8000dae8      0x164 C:/devkitPro/libogc/lib/cube\libogc.a(exi.o)
 .text.__exi_probe
                0x8000dc4c      0x23c C:/devkitPro/libogc/lib/cube\libogc.a(exi.o)
 .text.__exi_attach
                0x8000de88      0x104 C:/devkitPro/libogc/lib/cube\libogc.a(exi.o)
 .text.EXI_Lock
                0x8000df8c      0x244 C:/devkitPro/libogc/lib/cube\libogc.a(exi.o)
                0x8000df8c                EXI_Lock
 .text.EXI_Unlock
                0x8000e1d0      0x290 C:/devkitPro/libogc/lib/cube\libogc.a(exi.o)
                0x8000e1d0                EXI_Unlock
 .text.EXI_Select
                0x8000e460      0x204 C:/devkitPro/libogc/lib/cube\libogc.a(exi.o)
                0x8000e460                EXI_Select
 .text.EXI_Deselect
                0x8000e664      0x158 C:/devkitPro/libogc/lib/cube\libogc.a(exi.o)
                0x8000e664                EXI_Deselect
 .text.EXI_Sync
                0x8000e7bc      0x100 C:/devkitPro/libogc/lib/cube\libogc.a(exi.o)
                0x8000e7bc                EXI_Sync
 .text.EXI_Imm  0x8000e8bc      0x1e0 C:/devkitPro/libogc/lib/cube\libogc.a(exi.o)
                0x8000e8bc                EXI_Imm
 .text.EXI_ImmEx
                0x8000ea9c       0xd0 C:/devkitPro/libogc/lib/cube\libogc.a(exi.o)
                0x8000ea9c                EXI_ImmEx
 .text.EXI_Dma  0x8000eb6c      0x14c C:/devkitPro/libogc/lib/cube\libogc.a(exi.o)
                0x8000eb6c                EXI_Dma
 .text.EXI_Detach
                0x8000ecb8       0xbc C:/devkitPro/libogc/lib/cube\libogc.a(exi.o)
                0x8000ecb8                EXI_Detach
 .text.EXI_GetID
                0x8000ed74      0x3b8 C:/devkitPro/libogc/lib/cube\libogc.a(exi.o)
                0x8000ed74                EXI_GetID
 .text.__unlocked_handler
                0x8000f12c       0x28 C:/devkitPro/libogc/lib/cube\libogc.a(exi.o)
 .text.EXI_ProbeReset
                0x8000f154       0x70 C:/devkitPro/libogc/lib/cube\libogc.a(exi.o)
                0x8000f154                EXI_ProbeReset
 .text.__exi_init
                0x8000f1c4      0x17c C:/devkitPro/libogc/lib/cube\libogc.a(exi.o)
                0x8000f1c4                __exi_init
 .text          0x8000f340      0x32c C:/devkitPro/libogc/lib/cube\libogc.a(cache_asm.o)
                0x8000f340                DCFlashInvalidate
                0x8000f354                DCEnable
                0x8000f368                DCDisable
                0x8000f37c                DCFreeze
                0x8000f390                DCUnfreeze
                0x8000f3a4                ICFlashInvalidate
                0x8000f3b8                ICEnable
                0x8000f3cc                ICDisable
                0x8000f3e0                ICFreeze
                0x8000f3f4                ICUnfreeze
                0x8000f408                L2Init
                0x8000f450                L2Enable
                0x8000f46c                L2Disable
                0x8000f484                L2GlobalInvalidate
                0x8000f4dc                __LCEnable
                0x8000f5a8                LCDisable
                0x8000f5d0                LCAllocOneTag
                0x8000f5e4                LCAllocTags
                0x8000f624                LCLoadBlocks
                0x8000f648                LCStoreBlocks
 .text.__GX_WaitAbort
                0x8000f66c       0x68 C:/devkitPro/libogc/lib/cube\libogc.a(gx.o)
 .text.__GX_CleanGPFifo
                0x8000f6d4      0x178 C:/devkitPro/libogc/lib/cube\libogc.a(gx.o)
 .text.GX_AbortFrame
                0x8000f84c       0x6c C:/devkitPro/libogc/lib/cube\libogc.a(gx.o)
                0x8000f84c                GX_AbortFrame
 .text._dietPrintDefaultFunc
                0x8000f8b8       0xc8 C:/devkitPro/libogc/lib/cube\libogc.a(kprintf.o)
 .text._dietPrintWidth
                0x8000f980       0xe4 C:/devkitPro/libogc/lib/cube\libogc.a(kprintf.o)
                0x8000f980                _dietPrintWidth
 .text._dietPrintHex32
                0x8000fa64      0x294 C:/devkitPro/libogc/lib/cube\libogc.a(kprintf.o)
 .text._dietPrintHex64
                0x8000fcf8       0xc8 C:/devkitPro/libogc/lib/cube\libogc.a(kprintf.o)
                0x8000fcf8                _dietPrintHex64
 .text.dietPrintV
                0x8000fdc0      0x894 C:/devkitPro/libogc/lib/cube\libogc.a(kprintf.o)
                0x8000fdc0                dietPrintV
 .text.kprintf  0x80010654       0x84 C:/devkitPro/libogc/lib/cube\libogc.a(kprintf.o)
                0x80010654                kprintf
 .text.__lwp_queue_initialize
                0x800106d8       0x98 C:/devkitPro/libogc/lib/cube\libogc.a(lwp_queue.o)
                0x800106d8                __lwp_queue_initialize
 .text.__udivdi3
                0x80010770      0x3cc C:/devkitPro/devkitPPC/bin/../lib/gcc/powerpc-eabi/15.2.0\libgcc.a(_udivdi3.o)
                0x80010770                __udivdi3
 .text.__umoddi3
                0x80010b3c      0x384 C:/devkitPro/devkitPPC/bin/../lib/gcc/powerpc-eabi/15.2.0\libgcc.a(_umoddi3.o)
                0x80010b3c                __umoddi3
 .text.build_argv
                0x80010ec0      0x130 C:/devkitPro/devkitPPC/bin/../lib/gcc/powerpc-eabi/15.2.0/../../../../powerpc-eabi/lib\libsysbase.a(libsysbase_libsysbase_a-build_argv.o)
                0x80010ec0                build_argv
 .text.null_write
                0x80010ff0        0x8 C:/devkitPro/devkitPPC/bin/../lib/gcc/powerpc-eabi/15.2.0/../../../../powerpc-eabi/lib\libsysbase.a(libsysbase_libsysbase_a-iosupport.o)
 .text.memcpy   0x80010ff8      0x14c C:/devkitPro/devkitPPC/bin/../lib/gcc/powerpc-eabi/15.2.0/../../../../powerpc-eabi/lib\libc.a(libc_a-memcpy.o)
                0x80010ff8                memcpy
 .text.strlen   0x80011144       0x80 C:/devkitPro/devkitPPC/bin/../lib/gcc/powerpc-eabi/15.2.0/../../../../powerpc-eabi/lib\libc.a(libc_a-strlen.o)
                0x80011144                strlen
 .text.memalign
                0x800111c4       0x40 C:/devkitPro/devkitPPC/bin/../lib/gcc/powerpc-eabi/15.2.0/../../../../powerpc-eabi/lib\libc.a(libc_a-malign.o)
                0x800111c4                memalign
 .text.printf   0x80011204       0x9c C:/devkitPro/devkitPPC/bin/../lib/gcc/powerpc-eabi/15.2.0/../../../../powerpc-eabi/lib\libc.a(libc_a-printf.o)
                0x80011204                printf
 .text._memalign_r
                0x800112a0      0x1dc C:/devkitPro/devkitPPC/bin/../lib/gcc/powerpc-eabi/15.2.0/../../../../powerpc-eabi/lib\libc.a(libc_a-malignr.o)
                0x800112a0                _memalign_r
 .text.__errno  0x8001147c       0x20 C:/devkitPro/devkitPPC/bin/../lib/gcc/powerpc-eabi/15.2.0/../../../../powerpc-eabi/lib\libc.a(libc_a-errno.o)
                0x8001147c                __errno
 .text.memset   0x8001149c      0x180 C:/devkitPro/devkitPPC/bin/../lib/gcc/powerpc-eabi/15.2.0/../../../../powerpc-eabi/lib\libc.a(libc_a-memset.o)
                0x8001149c                memset
 .text._malloc_r
                0x8001161c      0x90c C:/devkitPro/devkitPPC/bin/../lib/gcc/powerpc-eabi/15.2.0/../../../../powerpc-eabi/lib\libc.a(libc_a-mallocr.o)
                0x8001161c                _malloc_r
 .text._malloc_trim_r
                0x80011f28      0x138 C:/devkitPro/devkitPPC/bin/../lib/gcc/powerpc-eabi/15.2.0/../../../../powerpc-eabi/lib\libc.a(libc_a-freer.o)
                0x80011f28                _malloc_trim_r
 .text._free_r  0x80012060      0x32c C:/devkitPro/devkitPPC/bin/../lib/gcc/powerpc-eabi/15.2.0/../../../../powerpc-eabi/lib\libc.a(libc_a-freer.o)
                0x80012060                _free_r
 .text.setvbuf  0x8001238c      0x2e4 C:/devkitPro/devkitPPC/bin/../lib/gcc/powerpc-eabi/15.2.0/../../../../powerpc-eabi/lib\libc.a(libc_a-setvbuf.o)
                0x8001238c                setvbuf
 .text.stdio_exit_handler
                0x80012670       0x1c C:/devkitPro/devkitPPC/bin/../lib/gcc/powerpc-eabi/15.2.0/../../../../powerpc-eabi/lib\libc.a(libc_a-findfp.o)
 .text.cleanup_stdio
                0x8001268c       0x88 C:/devkitPro/devkitPPC/bin/../lib/gcc/powerpc-eabi/15.2.0/../../../../powerpc-eabi/lib\libc.a(libc_a-findfp.o)
 .text.global_stdio_init.part.0
                0x80012714      0x188 C:/devkitPro/devkitPPC/bin/../lib/gcc/powerpc-eabi/15.2.0/../../../../powerpc-eabi/lib\libc.a(libc_a-findfp.o)
 .text.__sinit  0x8001289c       0x8c C:/devkitPro/devkitPPC/bin/../lib/gcc/powerpc-eabi/15.2.0/../../../../powerpc-eabi/lib\libc.a(libc_a-findfp.o)
                0x8001289c                __sinit
 .text.__sfp_lock_acquire
                0x80012928        0xc C:/devkitPro/devkitPPC/bin/../lib/gcc/powerpc-eabi/15.2.0/../../../../powerpc-eabi/lib\libc.a(libc_a-findfp.o)
                0x80012928                __sfp_lock_acquire
 .text.__sfp_lock_release
                0x80012934        0xc C:/devkitPro/devkitPPC/bin/../lib/gcc/powerpc-eabi/15.2.0/../../../../powerpc-eabi/lib\libc.a(libc_a-findfp.o)
                0x80012934                __sfp_lock_release
 .text.malloc   0x80012940       0x58 C:/devkitPro/devkitPPC/bin/../lib/gcc/powerpc-eabi/15.2.0/../../../../powerpc-eabi/lib\libc.a(libc_a-malloc.o)
                0x80012940                malloc
 .text.free     0x80012998       0x30 C:/devkitPro/devkitPPC/bin/../lib/gcc/powerpc-eabi/15.2.0/../../../../powerpc-eabi/lib\libc.a(libc_a-malloc.o)
                0x80012998                free
 .text.write    0x800129c8       0x50 C:/devkitPro/devkitPPC/bin/../lib/gcc/powerpc-eabi/15.2.0/../../../../powerpc-eabi/lib\libc.a(libc_a-syswrite.o)
                0x800129c8                write
 .text._puts_r  0x80012a18      0x110 C:/devkitPro/devkitPPC/bin/../lib/gcc/powerpc-eabi/15.2.0/../../../../powerpc-eabi/lib\libc.a(libc_a-puts.o)
                0x80012a18                _puts_r
 .text.puts     0x80012b28       0x30 C:/devkitPro/devkitPPC/bin/../lib/gcc/powerpc-eabi/15.2.0/../../../../powerpc-eabi/lib\libc.a(libc_a-puts.o)
                0x80012b28                puts
 .text.__sread  0x80012b58       0x74 C:/devkitPro/devkitPPC/bin/../lib/gcc/powerpc-eabi/15.2.0/../../../../powerpc-eabi/lib\libc.a(libc_a-stdio.o)
                0x80012b58                __sread
 .text.__swrite
                0x80012bcc       0xb0 C:/devkitPro/devkitPPC/bin/../lib/gcc/powerpc-eabi/15.2.0/../../../../powerpc-eabi/lib\libc.a(libc_a-stdio.o)
                0x80012bcc                __swrite
 .text.__sseek  0x80012c7c       0x70 C:/devkitPro/devkitPPC/bin/../lib/gcc/powerpc-eabi/15.2.0/../../../../powerpc-eabi/lib\libc.a(libc_a-stdio.o)
                0x80012c7c                __sseek
 .text.__sclose
                0x80012cec        0x8 C:/devkitPro/devkitPPC/bin/../lib/gcc/powerpc-eabi/15.2.0/../../../../powerpc-eabi/lib\libc.a(libc_a-stdio.o)
                0x80012cec                __sclose
 .text.memmove  0x80012cf4      0x254 C:/devkitPro/devkitPPC/bin/../lib/gcc/powerpc-eabi/15.2.0/../../../../powerpc-eabi/lib\libc.a(libc_a-memmove.o)
                0x80012cf4                memmove
 .text._fclose_r
                0x80012f48      0x1b4 C:/devkitPro/devkitPPC/bin/../lib/gcc/powerpc-eabi/15.2.0/../../../../powerpc-eabi/lib\libc.a(libc_a-fclose.o)
                0x80012f48                _fclose_r
 .text.strnlen  0x800130fc       0xc0 C:/devkitPro/devkitPPC/bin/../lib/gcc/powerpc-eabi/15.2.0/../../../../powerpc-eabi/lib\libc.a(libc_a-strnlen.o)
                0x800130fc                strnlen
 .text._fwalk_sglue
                0x800131bc       0xb4 C:/devkitPro/devkitPPC/bin/../lib/gcc/powerpc-eabi/15.2.0/../../../../powerpc-eabi/lib\libc.a(libc_a-fwalk.o)
                0x800131bc                _fwalk_sglue
 .text.get_arg  0x80013270      0x7bc C:/devkitPro/devkitPPC/bin/../lib/gcc/powerpc-eabi/15.2.0/../../../../powerpc-eabi/lib\libc.a(libc_a-vfprintf.o)
 .text._vfprintf_r
                0x80013a2c     0x3ac4 C:/devkitPro/devkitPPC/bin/../lib/gcc/powerpc-eabi/15.2.0/../../../../powerpc-eabi/lib\libc.a(libc_a-vfprintf.o)
                0x80013a2c                _vfprintf_r
 .text.__sbprintf
                0x800174f0       0xe4 C:/devkitPro/devkitPPC/bin/../lib/gcc/powerpc-eabi/15.2.0/../../../../powerpc-eabi/lib\libc.a(libc_a-vfprintf.o)
 .text._wcrtomb_r
                0x800175d4      0x104 C:/devkitPro/devkitPPC/bin/../lib/gcc/powerpc-eabi/15.2.0/../../../../powerpc-eabi/lib\libc.a(libc_a-wcrtomb.o)
                0x800175d4                _wcrtomb_r
 .text.memchr   0x800176d8      0x148 C:/devkitPro/devkitPPC/bin/../lib/gcc/powerpc-eabi/15.2.0/../../../../powerpc-eabi/lib\libc.a(libc_a-memchr.o)
                0x800176d8                memchr
 .text.__sfvwrite_r
                0x80017820      0x588 C:/devkitPro/devkitPPC/bin/../lib/gcc/powerpc-eabi/15.2.0/../../../../powerpc-eabi/lib\libc.a(libc_a-fvwrite.o)
                0x80017820                __sfvwrite_r
 .text.__smakebuf_r
                0x80017da8      0x1b0 C:/devkitPro/devkitPPC/bin/../lib/gcc/powerpc-eabi/15.2.0/../../../../powerpc-eabi/lib\libc.a(libc_a-makebuf.o)
                0x80017da8                __smakebuf_r
 .text.__swhatbuf_r
                0x80017f58      0x118 C:/devkitPro/devkitPPC/bin/../lib/gcc/powerpc-eabi/15.2.0/../../../../powerpc-eabi/lib\libc.a(libc_a-makebuf.o)
                0x80017f58                __swhatbuf_r
 .text.__locale_mb_cur_max
                0x80018070       0x4c C:/devkitPro/devkitPPC/bin/../lib/gcc/powerpc-eabi/15.2.0/../../../../powerpc-eabi/lib\libc.a(libc_a-locale.o)
                0x80018070                __locale_mb_cur_max
 .text.__sflush_r
                0x800180bc      0x300 C:/devkitPro/devkitPPC/bin/../lib/gcc/powerpc-eabi/15.2.0/../../../../powerpc-eabi/lib\libc.a(libc_a-fflush.o)
                0x800180bc                __sflush_r
 .text._fflush_r
                0x800183bc      0x108 C:/devkitPro/devkitPPC/bin/../lib/gcc/powerpc-eabi/15.2.0/../../../../powerpc-eabi/lib\libc.a(libc_a-fflush.o)
                0x800183bc                _fflush_r
 .text.__sprint_r
                0x800184c4       0x54 C:/devkitPro/devkitPPC/bin/../lib/gcc/powerpc-eabi/15.2.0/../../../../powerpc-eabi/lib\libc.a(libc_a-sprint_r.o)
                0x800184c4                __sprint_r
 .text.quorem   0x80018518      0x340 C:/devkitPro/devkitPPC/bin/../lib/gcc/powerpc-eabi/15.2.0/../../../../powerpc-eabi/lib\libc.a(libc_a-dtoa.o)
 .text._dtoa_r  0x80018858     0x1720 C:/devkitPro/devkitPPC/bin/../lib/gcc/powerpc-eabi/15.2.0/../../../../powerpc-eabi/lib\libc.a(libc_a-dtoa.o)
                0x80018858                _dtoa_r
 .text.__call_exitprocs
                0x80019f78      0x208 C:/devkitPro/devkitPPC/bin/../lib/gcc/powerpc-eabi/15.2.0/../../../../powerpc-eabi/lib\libc.a(libc_a-__call_atexit.o)
                0x80019f78                __call_exitprocs
 .text.strncpy  0x8001a180      0x104 C:/devkitPro/devkitPPC/bin/../lib/gcc/powerpc-eabi/15.2.0/../../../../powerpc-eabi/lib\libc.a(libc_a-strncpy.o)
                0x8001a180                strncpy
 .text._wcsrtombs_r
                0x8001a284       0x10 C:/devkitPro/devkitPPC/bin/../lib/gcc/powerpc-eabi/15.2.0/../../../../powerpc-eabi/lib\libc.a(libc_a-wcsrtombs.o)
                0x8001a284                _wcsrtombs_r
 .text.__swsetup_r
                0x8001a294      0x17c C:/devkitPro/devkitPPC/bin/../lib/gcc/powerpc-eabi/15.2.0/../../../../powerpc-eabi/lib\libc.a(libc_a-wsetup.o)
                0x8001a294                __swsetup_r
 .text._localeconv_r
                0x8001a410       0x4c C:/devkitPro/devkitPPC/bin/../lib/gcc/powerpc-eabi/15.2.0/../../../../powerpc-eabi/lib\libc.a(libc_a-localeconv.o)
                0x8001a410                _localeconv_r
 .text._realloc_r
                0x8001a45c      0x634 C:/devkitPro/devkitPPC/bin/../lib/gcc/powerpc-eabi/15.2.0/../../../../powerpc-eabi/lib\libc.a(libc_a-reallocr.o)
                0x8001a45c                _realloc_r
 .text.atexit   0x8001aa90       0x14 C:/devkitPro/devkitPPC/bin/../lib/gcc/powerpc-eabi/15.2.0/../../../../powerpc-eabi/lib\libc.a(libc_a-atexit.o)
                0x8001aa90                atexit
 .text.__utf8_wctomb
                0x8001aaa4      0x108 C:/devkitPro/devkitPPC/bin/../lib/gcc/powerpc-eabi/15.2.0/../../../../powerpc-eabi/lib\libc.a(libc_a-wctomb_r.o)
                0x8001aaa4                __utf8_wctomb
 .text._wcsnrtombs_l
                0x8001abac      0x1e4 C:/devkitPro/devkitPPC/bin/../lib/gcc/powerpc-eabi/15.2.0/../../../../powerpc-eabi/lib\libc.a(libc_a-wcsnrtombs.o)
                0x8001abac                _wcsnrtombs_l
 .text._wcsnrtombs_r
                0x8001ad90       0xd8 C:/devkitPro/devkitPPC/bin/../lib/gcc/powerpc-eabi/15.2.0/../../../../powerpc-eabi/lib\libc.a(libc_a-wcsnrtombs.o)
                0x8001ad90                _wcsnrtombs_r
 .text.frexp    0x8001ae68       0x90 C:/devkitPro/devkitPPC/bin/../lib/gcc/powerpc-eabi/15.2.0/../../../../powerpc-eabi/lib\libc.a(libm_a-s_frexp.o)
                0x8001ae68                frexp
 .text._Balloc  0x8001aef8       0xf4 C:/devkitPro/devkitPPC/bin/../lib/gcc/powerpc-eabi/15.2.0/../../../../powerpc-eabi/lib\libc.a(libc_a-mprec.o)
                0x8001aef8                _Balloc
 .text._Bfree   0x8001afec       0x24 C:/devkitPro/devkitPPC/bin/../lib/gcc/powerpc-eabi/15.2.0/../../../../powerpc-eabi/lib\libc.a(libc_a-mprec.o)
                0x8001afec                _Bfree
 .text.__multadd
                0x8001b010      0x174 C:/devkitPro/devkitPPC/bin/../lib/gcc/powerpc-eabi/15.2.0/../../../../powerpc-eabi/lib\libc.a(libc_a-mprec.o)
                0x8001b010                __multadd
 .text.__hi0bits
                0x8001b184       0x98 C:/devkitPro/devkitPPC/bin/../lib/gcc/powerpc-eabi/15.2.0/../../../../powerpc-eabi/lib\libc.a(libc_a-mprec.o)
                0x8001b184                __hi0bits
 .text.__lo0bits
                0x8001b21c      0x10c C:/devkitPro/devkitPPC/bin/../lib/gcc/powerpc-eabi/15.2.0/../../../../powerpc-eabi/lib\libc.a(libc_a-mprec.o)
                0x8001b21c                __lo0bits
 .text.__i2b    0x8001b328      0x108 C:/devkitPro/devkitPPC/bin/../lib/gcc/powerpc-eabi/15.2.0/../../../../powerpc-eabi/lib\libc.a(libc_a-mprec.o)
                0x8001b328                __i2b
 .text.__multiply
                0x8001b430      0x338 C:/devkitPro/devkitPPC/bin/../lib/gcc/powerpc-eabi/15.2.0/../../../../powerpc-eabi/lib\libc.a(libc_a-mprec.o)
                0x8001b430                __multiply
 .text.__pow5mult
                0x8001b768      0x19c C:/devkitPro/devkitPPC/bin/../lib/gcc/powerpc-eabi/15.2.0/../../../../powerpc-eabi/lib\libc.a(libc_a-mprec.o)
                0x8001b768                __pow5mult
 .text.__lshift
                0x8001b904      0x26c C:/devkitPro/devkitPPC/bin/../lib/gcc/powerpc-eabi/15.2.0/../../../../powerpc-eabi/lib\libc.a(libc_a-mprec.o)
                0x8001b904                __lshift
 .text.__mcmp   0x8001bb70       0xdc C:/devkitPro/devkitPPC/bin/../lib/gcc/powerpc-eabi/15.2.0/../../../../powerpc-eabi/lib\libc.a(libc_a-mprec.o)
                0x8001bb70                __mcmp
 .text.__mdiff  0x8001bc4c      0x314 C:/devkitPro/devkitPPC/bin/../lib/gcc/powerpc-eabi/15.2.0/../../../../powerpc-eabi/lib\libc.a(libc_a-mprec.o)
                0x8001bc4c                __mdiff
 .text.__d2b    0x8001bf60      0x194 C:/devkitPro/devkitPPC/bin/../lib/gcc/powerpc-eabi/15.2.0/../../../../powerpc-eabi/lib\libc.a(libc_a-mprec.o)
                0x8001bf60                __d2b
 .text.__utf8_mbtowc
                0x8001c0f4      0x604 C:/devkitPro/devkitPPC/bin/../lib/gcc/powerpc-eabi/15.2.0/../../../../powerpc-eabi/lib\libc.a(libc_a-mbtowc_r.o)
                0x8001c0f4                __utf8_mbtowc
 .text._calloc_r
                0x8001c6f8       0xf8 C:/devkitPro/devkitPPC/bin/../lib/gcc/powerpc-eabi/15.2.0/../../../../powerpc-eabi/lib\libc.a(libc_a-callocr.o)
                0x8001c6f8                _calloc_r
 .text.__register_exitproc
                0x8001c7f0       0xf4 C:/devkitPro/devkitPPC/bin/../lib/gcc/powerpc-eabi/15.2.0/../../../../powerpc-eabi/lib\libc.a(libc_a-__atexit.o)
                0x8001c7f0                __register_exitproc
 .text._exit    0x8001c8e4       0x28 C:/devkitPro/devkitPPC/bin/../lib/gcc/powerpc-eabi/15.2.0/../../../../powerpc-eabi/lib\libsysbase.a(libsysbase_libsysbase_a-_exit.o)
                0x8001c8e4                _exit
 .text.__assert_func
                0x8001c90c       0x24 C:/devkitPro/devkitPPC/bin/../lib/gcc/powerpc-eabi/15.2.0/../../../../powerpc-eabi/lib\libsysbase.a(libsysbase_libsysbase_a-assert.o)
                0x8001c90c                __assert_func
 .text.__flockfile
                0x8001c930        0x8 C:/devkitPro/devkitPPC/bin/../lib/gcc/powerpc-eabi/15.2.0/../../../../powerpc-eabi/lib\libsysbase.a(libsysbase_libsysbase_a-flock.o)
                0x8001c930                __flockfile
 .text.__funlockfile
                0x8001c938        0x8 C:/devkitPro/devkitPPC/bin/../lib/gcc/powerpc-eabi/15.2.0/../../../../powerpc-eabi/lib\libsysbase.a(libsysbase_libsysbase_a-flock.o)
                0x8001c938                __funlockfile
 .text._fstat_r
                0x8001c940       0xc8 C:/devkitPro/devkitPPC/bin/../lib/gcc/powerpc-eabi/15.2.0/../../../../powerpc-eabi/lib\libsysbase.a(libsysbase_libsysbase_a-fstat.o)
                0x8001c940                _fstat_r
 .text.__get_handle
                0x8001ca08       0x60 C:/devkitPro/devkitPPC/bin/../lib/gcc/powerpc-eabi/15.2.0/../../../../powerpc-eabi/lib\libsysbase.a(libsysbase_libsysbase_a-handle_manager.o)
                0x8001ca08                __get_handle
 .text._close_r
                0x8001ca68      0x168 C:/devkitPro/devkitPPC/bin/../lib/gcc/powerpc-eabi/15.2.0/../../../../powerpc-eabi/lib\libsysbase.a(libsysbase_libsysbase_a-handle_manager.o)
                0x8001ca68                _close_r
 .text._isatty_r
                0x8001cbd0        0x8 C:/devkitPro/devkitPPC/bin/../lib/gcc/powerpc-eabi/15.2.0/../../../../powerpc-eabi/lib\libsysbase.a(libsysbase_libsysbase_a-isatty.o)
                0x8001cbd0                _isatty_r
 .text._lseek_r
                0x8001cbd8       0xf4 C:/devkitPro/devkitPPC/bin/../lib/gcc/powerpc-eabi/15.2.0/../../../../powerpc-eabi/lib\libsysbase.a(libsysbase_libsysbase_a-lseek.o)
                0x8001cbd8                _lseek_r
 .text._read_r  0x8001cccc       0xd8 C:/devkitPro/devkitPPC/bin/../lib/gcc/powerpc-eabi/15.2.0/../../../../powerpc-eabi/lib\libsysbase.a(libsysbase_libsysbase_a-read.o)
                0x8001cccc                _read_r
 .text.__libc_lock_acquire
                0x8001cda4       0x14 C:/devkitPro/devkitPPC/bin/../lib/gcc/powerpc-eabi/15.2.0/../../../../powerpc-eabi/lib\libsysbase.a(libsysbase_libsysbase_a-syscall_support.o)
                0x8001cda4                __libc_lock_acquire
 .text.__libc_lock_release
                0x8001cdb8       0x14 C:/devkitPro/devkitPPC/bin/../lib/gcc/powerpc-eabi/15.2.0/../../../../powerpc-eabi/lib\libsysbase.a(libsysbase_libsysbase_a-syscall_support.o)
                0x8001cdb8                __libc_lock_release
 .text.__libc_lock_acquire_recursive
                0x8001cdcc       0x14 C:/devkitPro/devkitPPC/bin/../lib/gcc/powerpc-eabi/15.2.0/../../../../powerpc-eabi/lib\libsysbase.a(libsysbase_libsysbase_a-syscall_support.o)
                0x8001cdcc                __libc_lock_acquire_recursive
 .text.__libc_lock_release_recursive
                0x8001cde0       0x14 C:/devkitPro/devkitPPC/bin/../lib/gcc/powerpc-eabi/15.2.0/../../../../powerpc-eabi/lib\libsysbase.a(libsysbase_libsysbase_a-syscall_support.o)
                0x8001cde0                __libc_lock_release_recursive
 .text.__libc_lock_close_recursive
                0x8001cdf4       0x14 C:/devkitPro/devkitPPC/bin/../lib/gcc/powerpc-eabi/15.2.0/../../../../powerpc-eabi/lib\libsysbase.a(libsysbase_libsysbase_a-syscall_support.o)
                0x8001cdf4                __libc_lock_close_recursive
 .text.__malloc_lock
                0x8001ce08       0x14 C:/devkitPro/devkitPPC/bin/../lib/gcc/powerpc-eabi/15.2.0/../../../../powerpc-eabi/lib\libsysbase.a(libsysbase_libsysbase_a-syscall_support.o)
                0x8001ce08                __malloc_lock
 .text.__malloc_unlock
                0x8001ce1c       0x14 C:/devkitPro/devkitPPC/bin/../lib/gcc/powerpc-eabi/15.2.0/../../../../powerpc-eabi/lib\libsysbase.a(libsysbase_libsysbase_a-syscall_support.o)
                0x8001ce1c                __malloc_unlock
 .text._write_r
                0x8001ce30       0xd8 C:/devkitPro/devkitPPC/bin/../lib/gcc/powerpc-eabi/15.2.0/../../../../powerpc-eabi/lib\libsysbase.a(libsysbase_libsysbase_a-write.o)
                0x8001ce30                _write_r
 .text          0x8001cf08       0x58 C:/devkitPro/devkitPPC/bin/../lib/gcc/powerpc-eabi/15.2.0\libgcc.a(crtresxgpr.o)
                0x8001cf08                _restgpr_14_x
                0x8001cf0c                _restgpr_15_x
                0x8001cf10                _restgpr_16_x
                0x8001cf14                _restgpr_17_x
                0x8001cf18                _restgpr_18_x
                0x8001cf1c                _restgpr_19_x
                0x8001cf20                _restgpr_20_x
                0x8001cf24                _restgpr_21_x
                0x8001cf28                _restgpr_22_x
                0x8001cf2c                _restgpr_23_x
                0x8001cf30                _restgpr_24_x
                0x8001cf34                _restgpr_25_x
                0x8001cf38                _restgpr_26_x
                0x8001cf3c                _restgpr_27_x
                0x8001cf40                _restgpr_28_x
                0x8001cf44                _restgpr_29_x
                0x8001cf48                _restgpr_30_x
                0x8001cf4c                _restgpr_31_x
 .text.__do_global_ctors_aux
                0x8001cf60       0x50 C:/devkitPro/devkitPPC/bin/../lib/gcc/powerpc-eabi/15.2.0/crtend.o
 *(SORT_NONE(.fini))
 .fini          0x8001cfb0        0xc C:/devkitPro/devkitPPC/bin/../lib/gcc/powerpc-eabi/15.2.0/ecrti.o
                0x8001cfb0                __fini
 .fini          0x8001cfbc        0x4 C:/devkitPro/devkitPPC/bin/../lib/gcc/powerpc-eabi/15.2.0/crtbegin.o
 .fini          0x8001cfc0       0x10 C:/devkitPro/devkitPPC/bin/../lib/gcc/powerpc-eabi/15.2.0/ecrtn.o

.glink          0x8001cfd0        0x0
 .glink         0x8001cfd0        0x0 C:/devkitPro/devkitPPC/bin/../lib/gcc/powerpc-eabi/15.2.0/crtbegin.o
                0x8001cfe0                        . = ALIGN (0x20)

.rodata         0x8001cfe0     0x1700
 *(.rodata.__sys_versioninfo)
 .rodata.__sys_versioninfo
                0x8001cfe0       0x2d C:/devkitPro/libogc/lib/cube\libogc.a(system.o)
                0x8001cfe0                __sys_versioninfo
 *(.rodata .rodata.* .gnu.linkonce.r.*)
 *fill*         0x8001d00d        0x3 00000000
 .rodata.quit.str1.4
                0x8001d010      0x63d main.o
                                 0x2f (size before relaxing)
 .rodata.win.str1.4
                0x8001d64d        0x0 main.o
                                 0x45 (size before relaxing)
 .rodata.screenTransition.str1.4
                0x8001d64d        0x0 main.o
                                 0x5e (size before relaxing)
 .rodata.drawScreen.str1.4
                0x8001d64d        0x0 main.o
                                0x13b (size before relaxing)
 *fill*         0x8001d64d        0x3 00000000
 .rodata        0x8001d650       0xcc main.o
 .rodata.PPCExcptDefaultPanicFn.str1.4
                0x8001d71c        0x0 C:/devkitPro/libogc/lib/cube\libogc.a(exception.o)
                                 0x88 (size before relaxing)
 .rodata.__console_write
                0x8001d71c      0x488 C:/devkitPro/libogc/lib/cube\libogc.a(console.o)
 .rodata.grayScale
                0x8001dba4       0x18 C:/devkitPro/libogc/lib/cube\libogc.a(console.o)
 .rodata.colorTable
                0x8001dbbc       0x60 C:/devkitPro/libogc/lib/cube\libogc.a(console.o)
 .rodata.str1.4
                0x8001dc1c        0x0 C:/devkitPro/libogc/lib/cube\libogc.a(console.o)
                                  0x7 (size before relaxing)
 .rodata.dotab_stdout
                0x8001dc1c       0x80 C:/devkitPro/libogc/lib/cube\libogc.a(console.o)
                0x8001dc1c                dotab_stdout
 .rodata.CSWTCH.144
                0x8001dc9c       0x5c C:/devkitPro/libogc/lib/cube\libogc.a(video.o)
 .rodata.video_timing
                0x8001dcf8      0x110 C:/devkitPro/libogc/lib/cube\libogc.a(video.o)
 .rodata._dsp_initcode
                0x8001de08       0x80 C:/devkitPro/libogc/lib/cube\libogc.a(system.o)
 .rodata.__libogc_panic.str1.4
                0x8001de88        0x0 C:/devkitPro/libogc/lib/cube\libogc.a(default_panic.o)
                                0x191 (size before relaxing)
 .rodata.str1.4
                0x8001de88        0x0 C:/devkitPro/libogc/lib/cube\libogc.a(default_panic.o)
                                 0x89 (size before relaxing)
 .rodata.exception_name
                0x8001de88       0x50 C:/devkitPro/libogc/lib/cube\libogc.a(default_panic.o)
 .rodata.dietPrintV.str1.4
                0x8001ded8        0x0 C:/devkitPro/libogc/lib/cube\libogc.a(kprintf.o)
                                 0x1a (size before relaxing)
 .rodata.dietPrintV
                0x8001ded8       0xe8 C:/devkitPro/libogc/lib/cube\libogc.a(kprintf.o)
 .rodata.str1.4
                0x8001dfc0        0x0 C:/devkitPro/devkitPPC/bin/../lib/gcc/powerpc-eabi/15.2.0/../../../../powerpc-eabi/lib\libsysbase.a(libsysbase_libsysbase_a-iosupport.o)
                                  0x8 (size before relaxing)
 .rodata.dotab_stdnull
                0x8001dfc0       0x80 C:/devkitPro/devkitPPC/bin/../lib/gcc/powerpc-eabi/15.2.0/../../../../powerpc-eabi/lib\libsysbase.a(libsysbase_libsysbase_a-iosupport.o)
                0x8001dfc0                dotab_stdnull
 .rodata._puts_r.str1.4
                0x8001e040        0x0 C:/devkitPro/devkitPPC/bin/../lib/gcc/powerpc-eabi/15.2.0/../../../../powerpc-eabi/lib\libc.a(libc_a-puts.o)
                                  0x2 (size before relaxing)
 .rodata.get_arg
                0x8001e040       0xb0 C:/devkitPro/devkitPPC/bin/../lib/gcc/powerpc-eabi/15.2.0/../../../../powerpc-eabi/lib\libc.a(libc_a-vfprintf.o)
 .rodata._vfprintf_r.str1.1
                0x8001e0f0       0x3b C:/devkitPro/devkitPPC/bin/../lib/gcc/powerpc-eabi/15.2.0/../../../../powerpc-eabi/lib\libc.a(libc_a-vfprintf.o)
 *fill*         0x8001e12b        0x1 00000000
 .rodata._vfprintf_r
                0x8001e12c      0x16c C:/devkitPro/devkitPPC/bin/../lib/gcc/powerpc-eabi/15.2.0/../../../../powerpc-eabi/lib\libc.a(libc_a-vfprintf.o)
 .rodata.zeroes.0
                0x8001e298       0x10 C:/devkitPro/devkitPPC/bin/../lib/gcc/powerpc-eabi/15.2.0/../../../../powerpc-eabi/lib\libc.a(libc_a-vfprintf.o)
 .rodata.blanks.1
                0x8001e2a8       0x10 C:/devkitPro/devkitPPC/bin/../lib/gcc/powerpc-eabi/15.2.0/../../../../powerpc-eabi/lib\libc.a(libc_a-vfprintf.o)
 .rodata.cst4   0x8001e2b8       0x30 C:/devkitPro/devkitPPC/bin/../lib/gcc/powerpc-eabi/15.2.0/../../../../powerpc-eabi/lib\libc.a(libc_a-vfprintf.o)
                                 0x14 (size before relaxing)
 .rodata.cst8   0x8001e2e8       0x20 C:/devkitPro/devkitPPC/bin/../lib/gcc/powerpc-eabi/15.2.0/../../../../powerpc-eabi/lib\libc.a(libc_a-vfprintf.o)
                                  0x8 (size before relaxing)
 .rodata.__action_table
                0x8001e308       0x6c C:/devkitPro/devkitPPC/bin/../lib/gcc/powerpc-eabi/15.2.0/../../../../powerpc-eabi/lib\libc.a(libc_a-svfiprintf.o)
                0x8001e308                __action_table
 .rodata.__state_table
                0x8001e374       0x6c C:/devkitPro/devkitPPC/bin/../lib/gcc/powerpc-eabi/15.2.0/../../../../powerpc-eabi/lib\libc.a(libc_a-svfiprintf.o)
                0x8001e374                __state_table
 .rodata.__chclass
                0x8001e3e0      0x100 C:/devkitPro/devkitPPC/bin/../lib/gcc/powerpc-eabi/15.2.0/../../../../powerpc-eabi/lib\libc.a(libc_a-svfiprintf.o)
                0x8001e3e0                __chclass
 .rodata.str1.4
                0x8001e4e0        0x0 C:/devkitPro/devkitPPC/bin/../lib/gcc/powerpc-eabi/15.2.0/../../../../powerpc-eabi/lib\libc.a(libc_a-locale.o)
                                 0x4c (size before relaxing)
 .rodata._dtoa_r.str1.4
                0x8001e4e0        0x0 C:/devkitPro/devkitPPC/bin/../lib/gcc/powerpc-eabi/15.2.0/../../../../powerpc-eabi/lib\libc.a(libc_a-dtoa.o)
                                 0x9c (size before relaxing)
 .rodata.cst4   0x8001e4e0        0x0 C:/devkitPro/devkitPPC/bin/../lib/gcc/powerpc-eabi/15.2.0/../../../../powerpc-eabi/lib\libc.a(libc_a-dtoa.o)
                                 0x24 (size before relaxing)
 .rodata.cst8   0x8001e4e0        0x0 C:/devkitPro/devkitPPC/bin/../lib/gcc/powerpc-eabi/15.2.0/../../../../powerpc-eabi/lib\libc.a(libc_a-dtoa.o)
                                 0x18 (size before relaxing)
 .rodata._ctype_
                0x8001e4e0      0x101 C:/devkitPro/devkitPPC/bin/../lib/gcc/powerpc-eabi/15.2.0/../../../../powerpc-eabi/lib\libc.a(libc_a-ctype_.o)
                0x8001e4e0                _ctype_
 .rodata.cst4   0x8001e5e1        0x0 C:/devkitPro/devkitPPC/bin/../lib/gcc/powerpc-eabi/15.2.0/../../../../powerpc-eabi/lib\libc.a(libm_a-s_frexp.o)
                                  0x4 (size before relaxing)
 .rodata.__multadd.str1.4
                0x8001e5e1        0x0 C:/devkitPro/devkitPPC/bin/../lib/gcc/powerpc-eabi/15.2.0/../../../../powerpc-eabi/lib\libc.a(libc_a-mprec.o)
                                 0x89 (size before relaxing)
 *fill*         0x8001e5e1        0x3 00000000
 .rodata.p05.0  0x8001e5e4        0xc C:/devkitPro/devkitPPC/bin/../lib/gcc/powerpc-eabi/15.2.0/../../../../powerpc-eabi/lib\libc.a(libc_a-mprec.o)
 .rodata.__mprec_bigtens
                0x8001e5f0       0x28 C:/devkitPro/devkitPPC/bin/../lib/gcc/powerpc-eabi/15.2.0/../../../../powerpc-eabi/lib\libc.a(libc_a-mprec.o)
                0x8001e5f0                __mprec_bigtens
 .rodata.__mprec_tens
                0x8001e618       0xc8 C:/devkitPro/devkitPPC/bin/../lib/gcc/powerpc-eabi/15.2.0/../../../../powerpc-eabi/lib\libc.a(libc_a-mprec.o)
                0x8001e618                __mprec_tens
 *(.rodata1)
 *(.fixup)
 *(.got1)
 *(.got2)
 *(.branch_lt)
 .branch_lt     0x8001e6e0        0x0 C:/devkitPro/devkitPPC/bin/../lib/gcc/powerpc-eabi/15.2.0/crtbegin.o
 *(.got)
 *(.plt)

.sdata2         0x8001e6e0        0xc
 *(.sdata2 .sdata2.* .gnu.linkonce.s2.*)
 .sdata2        0x8001e6e0        0x0 C:/devkitPro/devkitPPC/bin/../lib/gcc/powerpc-eabi/15.2.0/ecrti.o
                0x8001e6e0                __SDATA2_START__
 .sdata2        0x8001e6e0        0x0 C:/devkitPro/devkitPPC/bin/../lib/gcc/powerpc-eabi/15.2.0/crtbegin.o
                0x800266e0                _SDA2_BASE_
 .sdata2.colorCube
                0x8001e6e0        0x6 C:/devkitPro/libogc/lib/cube\libogc.a(console.o)
 *fill*         0x8001e6e6        0x2 00000000
 .sdata2.__sys_inIPL
                0x8001e6e8        0x4 C:/devkitPro/libogc/lib/cube\libogc.a(system.o)
 *(.sbss2 .sbss2.* .gnu.linkonce.sb2.*)

.eh_frame_hdr   0x8001e6ec      0x8d4
 *(.eh_frame_hdr)
 .eh_frame_hdr  0x8001e6ec      0x8d4 C:/devkitPro/devkitPPC/bin/../lib/gcc/powerpc-eabi/15.2.0/../../../../powerpc-eabi/lib/crtmain.o
                0x8001e6ec                __GNU_EH_FRAME_HDR
 *(.eh_frame_entry .eh_frame_entry.*)

.rela.dyn       0x8001efc0        0x0
 .rela.iplt     0x8001efc0        0x0 C:/devkitPro/devkitPPC/bin/../lib/gcc/powerpc-eabi/15.2.0/crtbegin.o
 .rela.text.__do_global_dtors_aux
                0x8001efc0        0x0 C:/devkitPro/devkitPPC/bin/../lib/gcc/powerpc-eabi/15.2.0/crtbegin.o
 .rela.text.frame_dummy
                0x8001efc0        0x0 C:/devkitPro/devkitPPC/bin/../lib/gcc/powerpc-eabi/15.2.0/crtbegin.o
 .rela.crt0.__app_start
                0x8001efc0        0x0 C:/devkitPro/devkitPPC/bin/../lib/gcc/powerpc-eabi/15.2.0/crtbegin.o
 .rela.text.__assert_func
                0x8001efc0        0x0 C:/devkitPro/devkitPPC/bin/../lib/gcc/powerpc-eabi/15.2.0/crtbegin.o
 .rela.text.__libc_lock_close_recursive
                0x8001efc0        0x0 C:/devkitPro/devkitPPC/bin/../lib/gcc/powerpc-eabi/15.2.0/crtbegin.o
 .rela.text.unlikely.abort
                0x8001efc0        0x0 C:/devkitPro/devkitPPC/bin/../lib/gcc/powerpc-eabi/15.2.0/crtbegin.o

.eh_frame       0x8001efc0     0x30f0
 *(.eh_frame)
 .eh_frame      0x8001efc0        0x0 C:/devkitPro/devkitPPC/bin/../lib/gcc/powerpc-eabi/15.2.0/ecrti.o
                0x8001efc0                __EH_FRAME_BEGIN__
 .eh_frame      0x8001efc0        0x0 C:/devkitPro/devkitPPC/bin/../lib/gcc/powerpc-eabi/15.2.0/crtbegin.o
 .eh_frame      0x8001efc0        0x0 C:/devkitPro/devkitPPC/bin/../lib/gcc/powerpc-eabi/15.2.0/crtbegin.o
 .eh_frame      0x8001efc0        0x0 C:/devkitPro/devkitPPC/bin/../lib/gcc/powerpc-eabi/15.2.0/../../../../powerpc-eabi/lib/crtmain.o
                                 0x34 (size before relaxing)
 .eh_frame      0x8001efc0      0x128 main.o
                                0x14c (size before relaxing)
 .eh_frame      0x8001f0e8       0x5c C:/devkitPro/libogc/lib/cube\libogc.a(exception.o)
                                 0x70 (size before relaxing)
 .eh_frame      0x8001f144       0x78 C:/devkitPro/libogc/lib/cube\libogc.a(interrupt.o)
                                 0x8c (size before relaxing)
 .eh_frame      0x8001f1bc       0xa0 C:/devkitPro/libogc/lib/cube\libogc.a(thread.o)
                                0x234 (size before relaxing)
 .eh_frame      0x8001f25c       0x94 C:/devkitPro/libogc/lib/cube\libogc.a(sync.o)
                                0x148 (size before relaxing)
 .eh_frame      0x8001f2f0       0x8c C:/devkitPro/libogc/lib/cube\libogc.a(tick.o)
                                 0xa0 (size before relaxing)
 .eh_frame      0x8001f37c       0x5c C:/devkitPro/libogc/lib/cube\libogc.a(newlib_syscalls.o)
                                0x190 (size before relaxing)
 .eh_frame      0x8001f3d8      0x288 C:/devkitPro/libogc/lib/cube\libogc.a(console.o)
                                0x404 (size before relaxing)
 .eh_frame      0x8001f660      0x1cc C:/devkitPro/libogc/lib/cube\libogc.a(video.o)
                                0x2a4 (size before relaxing)
 .eh_frame      0x8001f82c      0x2f0 C:/devkitPro/libogc/lib/cube\libogc.a(pad.o)
                                0x464 (size before relaxing)
 .eh_frame      0x8001fb1c      0x46c C:/devkitPro/libogc/lib/cube\libogc.a(system.o)
                                0x88c (size before relaxing)
 .eh_frame      0x8001ff88      0x3e4 C:/devkitPro/libogc/lib/cube\libogc.a(si.o)
                                0x4ac (size before relaxing)
 .eh_frame      0x8002036c       0x3c C:/devkitPro/libogc/lib/cube\libogc.a(timesupp.o)
                                0x150 (size before relaxing)
 .eh_frame      0x800203a8      0x154 C:/devkitPro/libogc/lib/cube\libogc.a(usbgecko.o)
                                0x3ec (size before relaxing)
 .eh_frame      0x800204fc       0x3c C:/devkitPro/libogc/lib/cube\libogc.a(sbrk.o)
                                 0x50 (size before relaxing)
 .eh_frame      0x80020538       0x20 C:/devkitPro/libogc/lib/cube\libogc.a(argv.o)
                                 0x34 (size before relaxing)
 .eh_frame      0x80020558       0x3c C:/devkitPro/libogc/lib/cube\libogc.a(default_panic.o)
                                 0x64 (size before relaxing)
 .eh_frame      0x80020594       0x3c C:/devkitPro/libogc/lib/cube\libogc.a(cache.o)
                                 0x8c (size before relaxing)
 .eh_frame      0x800205d0       0x9c C:/devkitPro/libogc/lib/cube\libogc.a(lwpc_alarm.o)
                                0x12c (size before relaxing)
 .eh_frame      0x8002066c       0x48 C:/devkitPro/libogc/lib/cube\libogc.a(lwpc_queue.o)
                                 0x84 (size before relaxing)
 .eh_frame      0x800206b4       0x2c C:/devkitPro/libogc/lib/cube\libogc.a(lwp_wkspace.o)
                                 0xa4 (size before relaxing)
 .eh_frame      0x800206e0       0x28 C:/devkitPro/libogc/lib/cube\libogc.a(lwp_heap.o)
                                 0x64 (size before relaxing)
 .eh_frame      0x80020708      0x420 C:/devkitPro/libogc/lib/cube\libogc.a(exi.o)
                                0x66c (size before relaxing)
 .eh_frame      0x80020b28       0x58 C:/devkitPro/libogc/lib/cube\libogc.a(gx.o)
                               0x1570 (size before relaxing)
 .eh_frame      0x80020b80      0x160 C:/devkitPro/libogc/lib/cube\libogc.a(kprintf.o)
                                0x1b0 (size before relaxing)
 .eh_frame      0x80020ce0        0x0 C:/devkitPro/libogc/lib/cube\libogc.a(lwpc_thread.o)
                                0x138 (size before relaxing)
 .eh_frame      0x80020ce0       0x14 C:/devkitPro/libogc/lib/cube\libogc.a(lwp_queue.o)
                                 0x78 (size before relaxing)
 .eh_frame      0x80020cf4        0x0 C:/devkitPro/devkitPPC/bin/../lib/gcc/powerpc-eabi/15.2.0/../../../../powerpc-eabi/lib\libm.a(libm_a-sf_cos.o)
                                 0x54 (size before relaxing)
 .eh_frame      0x80020cf4        0x0 C:/devkitPro/devkitPPC/bin/../lib/gcc/powerpc-eabi/15.2.0/../../../../powerpc-eabi/lib\libm.a(libm_a-wf_sqrt.o)
                                 0x44 (size before relaxing)
 .eh_frame      0x80020cf4        0x0 C:/devkitPro/devkitPPC/bin/../lib/gcc/powerpc-eabi/15.2.0/../../../../powerpc-eabi/lib\libm.a(libm_a-kf_cos.o)
                                 0x38 (size before relaxing)
 .eh_frame      0x80020cf4        0x0 C:/devkitPro/devkitPPC/bin/../lib/gcc/powerpc-eabi/15.2.0/../../../../powerpc-eabi/lib\libm.a(libm_a-ef_sqrt.o)
                                 0x3c (size before relaxing)
 .eh_frame      0x80020cf4        0x0 C:/devkitPro/devkitPPC/bin/../lib/gcc/powerpc-eabi/15.2.0/../../../../powerpc-eabi/lib\libm.a(libm_a-kf_sin.o)
                                 0x34 (size before relaxing)
 .eh_frame      0x80020cf4        0x0 C:/devkitPro/devkitPPC/bin/../lib/gcc/powerpc-eabi/15.2.0/../../../../powerpc-eabi/lib\libm.a(libm_a-ef_rem_pio2.o)
                                 0x60 (size before relaxing)
 .eh_frame      0x80020cf4        0x0 C:/devkitPro/devkitPPC/bin/../lib/gcc/powerpc-eabi/15.2.0/../../../../powerpc-eabi/lib\libm.a(libm_a-sf_fabs.o)
                                 0x2c (size before relaxing)
 .eh_frame      0x80020cf4        0x0 C:/devkitPro/devkitPPC/bin/../lib/gcc/powerpc-eabi/15.2.0/../../../../powerpc-eabi/lib\libm.a(libm_a-kf_rem_pio2.o)
                                 0x84 (size before relaxing)
 .eh_frame      0x80020cf4        0x0 C:/devkitPro/devkitPPC/bin/../lib/gcc/powerpc-eabi/15.2.0/../../../../powerpc-eabi/lib\libm.a(libm_a-sf_floor.o)
                                 0x34 (size before relaxing)
 .eh_frame      0x80020cf4        0x0 C:/devkitPro/devkitPPC/bin/../lib/gcc/powerpc-eabi/15.2.0/../../../../powerpc-eabi/lib\libm.a(libm_a-sf_scalbn.o)
                                 0x3c (size before relaxing)
 .eh_frame      0x80020cf4       0x3c C:/devkitPro/devkitPPC/bin/../lib/gcc/powerpc-eabi/15.2.0\libgcc.a(_udivdi3.o)
                                 0x50 (size before relaxing)
 .eh_frame      0x80020d30       0x2c C:/devkitPro/devkitPPC/bin/../lib/gcc/powerpc-eabi/15.2.0\libgcc.a(_umoddi3.o)
                                 0x40 (size before relaxing)
 .eh_frame      0x80020d5c       0x14 C:/devkitPro/devkitPPC/bin/../lib/gcc/powerpc-eabi/15.2.0/../../../../powerpc-eabi/lib\libsysbase.a(libsysbase_libsysbase_a-build_argv.o)
                                 0x28 (size before relaxing)
 .eh_frame      0x80020d70       0x14 C:/devkitPro/devkitPPC/bin/../lib/gcc/powerpc-eabi/15.2.0/../../../../powerpc-eabi/lib\libsysbase.a(libsysbase_libsysbase_a-iosupport.o)
                                0x128 (size before relaxing)
 .eh_frame      0x80020d84        0x0 C:/devkitPro/devkitPPC/bin/../lib/gcc/powerpc-eabi/15.2.0/../../../../powerpc-eabi/lib\libsysbase.a(libsysbase_libsysbase_a-usleep.o)
                                 0x40 (size before relaxing)
 .eh_frame      0x80020d84        0x0 C:/devkitPro/devkitPPC/bin/../lib/gcc/powerpc-eabi/15.2.0/../../../../powerpc-eabi/lib\libsysbase.a(libsysbase_libsysbase_a-nanosleep.o)
                                 0x38 (size before relaxing)
 .eh_frame      0x80020d84       0x14 C:/devkitPro/devkitPPC/bin/../lib/gcc/powerpc-eabi/15.2.0/../../../../powerpc-eabi/lib\libc.a(libc_a-memcpy.o)
                                 0x28 (size before relaxing)
 .eh_frame      0x80020d98       0x14 C:/devkitPro/devkitPPC/bin/../lib/gcc/powerpc-eabi/15.2.0/../../../../powerpc-eabi/lib\libc.a(libc_a-strlen.o)
                                 0x28 (size before relaxing)
 .eh_frame      0x80020dac       0x2c C:/devkitPro/devkitPPC/bin/../lib/gcc/powerpc-eabi/15.2.0/../../../../powerpc-eabi/lib\libc.a(libc_a-malign.o)
                                 0x40 (size before relaxing)
 .eh_frame      0x80020dd8       0x28 C:/devkitPro/devkitPPC/bin/../lib/gcc/powerpc-eabi/15.2.0/../../../../powerpc-eabi/lib\libc.a(libc_a-printf.o)
                                 0x5c (size before relaxing)
 .eh_frame      0x80020e00        0x0 C:/devkitPro/devkitPPC/bin/../lib/gcc/powerpc-eabi/15.2.0/../../../../powerpc-eabi/lib\libc.a(libc_a-strchr.o)
                                 0x28 (size before relaxing)
 .eh_frame      0x80020e00       0x60 C:/devkitPro/devkitPPC/bin/../lib/gcc/powerpc-eabi/15.2.0/../../../../powerpc-eabi/lib\libc.a(libc_a-malignr.o)
                                 0x74 (size before relaxing)
 .eh_frame      0x80020e60       0x20 C:/devkitPro/devkitPPC/bin/../lib/gcc/powerpc-eabi/15.2.0/../../../../powerpc-eabi/lib\libc.a(libc_a-errno.o)
                                 0x34 (size before relaxing)
 .eh_frame      0x80020e80       0x14 C:/devkitPro/devkitPPC/bin/../lib/gcc/powerpc-eabi/15.2.0/../../../../powerpc-eabi/lib\libc.a(libc_a-memset.o)
                                 0x28 (size before relaxing)
 .eh_frame      0x80020e94       0x64 C:/devkitPro/devkitPPC/bin/../lib/gcc/powerpc-eabi/15.2.0/../../../../powerpc-eabi/lib\libc.a(libc_a-mallocr.o)
                                 0x78 (size before relaxing)
 .eh_frame      0x80020ef8       0x8c C:/devkitPro/devkitPPC/bin/../lib/gcc/powerpc-eabi/15.2.0/../../../../powerpc-eabi/lib\libc.a(libc_a-freer.o)
                                 0xa0 (size before relaxing)
 .eh_frame      0x80020f84       0x44 C:/devkitPro/devkitPPC/bin/../lib/gcc/powerpc-eabi/15.2.0/../../../../powerpc-eabi/lib\libc.a(libc_a-setvbuf.o)
                                 0x58 (size before relaxing)
 .eh_frame      0x80020fc8       0xd8 C:/devkitPro/devkitPPC/bin/../lib/gcc/powerpc-eabi/15.2.0/../../../../powerpc-eabi/lib\libc.a(libc_a-findfp.o)
                                0x1a0 (size before relaxing)
 .eh_frame      0x800210a0        0x0 C:/devkitPro/devkitPPC/bin/../lib/gcc/powerpc-eabi/15.2.0/../../../../powerpc-eabi/lib\libc.a(libc_a-strcmp.o)
                                 0x28 (size before relaxing)
 .eh_frame      0x800210a0       0x58 C:/devkitPro/devkitPPC/bin/../lib/gcc/powerpc-eabi/15.2.0/../../../../powerpc-eabi/lib\libc.a(libc_a-malloc.o)
                                 0x6c (size before relaxing)
 .eh_frame      0x800210f8       0x30 C:/devkitPro/devkitPPC/bin/../lib/gcc/powerpc-eabi/15.2.0/../../../../powerpc-eabi/lib\libc.a(libc_a-syswrite.o)
                                 0x44 (size before relaxing)
 .eh_frame      0x80021128       0x60 C:/devkitPro/devkitPPC/bin/../lib/gcc/powerpc-eabi/15.2.0/../../../../powerpc-eabi/lib\libc.a(libc_a-puts.o)
                                 0x74 (size before relaxing)
 .eh_frame      0x80021188       0xa0 C:/devkitPro/devkitPPC/bin/../lib/gcc/powerpc-eabi/15.2.0/../../../../powerpc-eabi/lib\libc.a(libc_a-stdio.o)
                                 0xc8 (size before relaxing)
 .eh_frame      0x80021228       0x14 C:/devkitPro/devkitPPC/bin/../lib/gcc/powerpc-eabi/15.2.0/../../../../powerpc-eabi/lib\libc.a(libc_a-memmove.o)
                                 0x28 (size before relaxing)
 .eh_frame      0x8002123c       0x48 C:/devkitPro/devkitPPC/bin/../lib/gcc/powerpc-eabi/15.2.0/../../../../powerpc-eabi/lib\libc.a(libc_a-fclose.o)
                                 0x84 (size before relaxing)
 .eh_frame      0x80021284       0x20 C:/devkitPro/devkitPPC/bin/../lib/gcc/powerpc-eabi/15.2.0/../../../../powerpc-eabi/lib\libc.a(libc_a-exit.o)
                                 0x34 (size before relaxing)
 .eh_frame      0x800212a4       0x14 C:/devkitPro/devkitPPC/bin/../lib/gcc/powerpc-eabi/15.2.0/../../../../powerpc-eabi/lib\libc.a(libc_a-strnlen.o)
                                 0x28 (size before relaxing)
 .eh_frame      0x800212b8        0x0 C:/devkitPro/devkitPPC/bin/../lib/gcc/powerpc-eabi/15.2.0/../../../../powerpc-eabi/lib\libc.a(libc_a-strncmp.o)
                                 0x28 (size before relaxing)
 .eh_frame      0x800212b8       0x34 C:/devkitPro/devkitPPC/bin/../lib/gcc/powerpc-eabi/15.2.0/../../../../powerpc-eabi/lib\libc.a(libc_a-fwalk.o)
                                 0x48 (size before relaxing)
 .eh_frame      0x800212ec       0xe8 C:/devkitPro/devkitPPC/bin/../lib/gcc/powerpc-eabi/15.2.0/../../../../powerpc-eabi/lib\libc.a(libc_a-vfprintf.o)
                                0x128 (size before relaxing)
 .eh_frame      0x800213d4       0x3c C:/devkitPro/devkitPPC/bin/../lib/gcc/powerpc-eabi/15.2.0/../../../../powerpc-eabi/lib\libc.a(libc_a-wcrtomb.o)
                                 0x90 (size before relaxing)
 .eh_frame      0x80021410        0x0 C:/devkitPro/devkitPPC/bin/../lib/gcc/powerpc-eabi/15.2.0/../../../../powerpc-eabi/lib\libc.a(libc_a-svfiprintf.o)
                                 0xcc (size before relaxing)
 .eh_frame      0x80021410       0x14 C:/devkitPro/devkitPPC/bin/../lib/gcc/powerpc-eabi/15.2.0/../../../../powerpc-eabi/lib\libc.a(libc_a-memchr.o)
                                 0x28 (size before relaxing)
 .eh_frame      0x80021424        0x0 C:/devkitPro/devkitPPC/bin/../lib/gcc/powerpc-eabi/15.2.0/../../../../powerpc-eabi/lib\libc.a(libc_a-ssprint_r.o)
                                 0x70 (size before relaxing)
 .eh_frame      0x80021424       0xe0 C:/devkitPro/devkitPPC/bin/../lib/gcc/powerpc-eabi/15.2.0/../../../../powerpc-eabi/lib\libc.a(libc_a-fvwrite.o)
                                 0xf4 (size before relaxing)
 .eh_frame      0x80021504       0x98 C:/devkitPro/devkitPPC/bin/../lib/gcc/powerpc-eabi/15.2.0/../../../../powerpc-eabi/lib\libc.a(libc_a-makebuf.o)
                                 0xac (size before relaxing)
 .eh_frame      0x8002159c       0x28 C:/devkitPro/devkitPPC/bin/../lib/gcc/powerpc-eabi/15.2.0/../../../../powerpc-eabi/lib\libc.a(libc_a-locale.o)
                                0x26c (size before relaxing)
 .eh_frame      0x800215c4       0xe0 C:/devkitPro/devkitPPC/bin/../lib/gcc/powerpc-eabi/15.2.0/../../../../powerpc-eabi/lib\libc.a(libc_a-fflush.o)
                                0x11c (size before relaxing)
 .eh_frame      0x800216a4       0x20 C:/devkitPro/devkitPPC/bin/../lib/gcc/powerpc-eabi/15.2.0/../../../../powerpc-eabi/lib\libc.a(libc_a-sprint_r.o)
                                 0x34 (size before relaxing)
 .eh_frame      0x800216c4      0x170 C:/devkitPro/devkitPPC/bin/../lib/gcc/powerpc-eabi/15.2.0/../../../../powerpc-eabi/lib\libc.a(libc_a-dtoa.o)
                                0x184 (size before relaxing)
 .eh_frame      0x80021834        0x0 C:/devkitPro/devkitPPC/bin/../lib/gcc/powerpc-eabi/15.2.0/../../../../powerpc-eabi/lib\libc.a(libc_a-strtol.o)
                                 0xe8 (size before relaxing)
 .eh_frame      0x80021834       0xa4 C:/devkitPro/devkitPPC/bin/../lib/gcc/powerpc-eabi/15.2.0/../../../../powerpc-eabi/lib\libc.a(libc_a-__call_atexit.o)
                                 0xb8 (size before relaxing)
 .eh_frame      0x800218d8       0x14 C:/devkitPro/devkitPPC/bin/../lib/gcc/powerpc-eabi/15.2.0/../../../../powerpc-eabi/lib\libc.a(libc_a-strncpy.o)
                                 0x28 (size before relaxing)
 .eh_frame      0x800218ec       0x14 C:/devkitPro/devkitPPC/bin/../lib/gcc/powerpc-eabi/15.2.0/../../../../powerpc-eabi/lib\libc.a(libc_a-wcsrtombs.o)
                                 0x5c (size before relaxing)
 .eh_frame      0x80021900       0x2c C:/devkitPro/devkitPPC/bin/../lib/gcc/powerpc-eabi/15.2.0/../../../../powerpc-eabi/lib\libc.a(libc_a-wsetup.o)
                                 0x40 (size before relaxing)
 .eh_frame      0x8002192c        0x0 C:/devkitPro/devkitPPC/bin/../lib/gcc/powerpc-eabi/15.2.0/../../../../powerpc-eabi/lib\libc.a(libc_a-getenv_r.o)
                                 0x90 (size before relaxing)
 .eh_frame      0x8002192c       0x28 C:/devkitPro/devkitPPC/bin/../lib/gcc/powerpc-eabi/15.2.0/../../../../powerpc-eabi/lib\libc.a(libc_a-localeconv.o)
                                 0x78 (size before relaxing)
 .eh_frame      0x80021954       0x64 C:/devkitPro/devkitPPC/bin/../lib/gcc/powerpc-eabi/15.2.0/../../../../powerpc-eabi/lib\libc.a(libc_a-reallocr.o)
                                 0x78 (size before relaxing)
 .eh_frame      0x800219b8       0x14 C:/devkitPro/devkitPPC/bin/../lib/gcc/powerpc-eabi/15.2.0/../../../../powerpc-eabi/lib\libc.a(libc_a-atexit.o)
                                 0x28 (size before relaxing)
 .eh_frame      0x800219cc        0x0 C:/devkitPro/devkitPPC/bin/../lib/gcc/powerpc-eabi/15.2.0/../../../../powerpc-eabi/lib\libc.a(libc_a-ssputs_r.o)
                                 0x44 (size before relaxing)
 .eh_frame      0x800219cc       0x14 C:/devkitPro/devkitPPC/bin/../lib/gcc/powerpc-eabi/15.2.0/../../../../powerpc-eabi/lib\libc.a(libc_a-wctomb_r.o)
                                 0xb8 (size before relaxing)
 .eh_frame      0x800219e0       0x9c C:/devkitPro/devkitPPC/bin/../lib/gcc/powerpc-eabi/15.2.0/../../../../powerpc-eabi/lib\libc.a(libc_a-wcsnrtombs.o)
                                 0xf4 (size before relaxing)
 .eh_frame      0x80021a7c        0x0 C:/devkitPro/devkitPPC/bin/../lib/gcc/powerpc-eabi/15.2.0/../../../../powerpc-eabi/lib\libc.a(libc_a-ctype_.o)
                                 0x28 (size before relaxing)
 .eh_frame      0x80021a7c       0x18 C:/devkitPro/devkitPPC/bin/../lib/gcc/powerpc-eabi/15.2.0/../../../../powerpc-eabi/lib\libc.a(libm_a-s_frexp.o)
                                 0x2c (size before relaxing)
 .eh_frame      0x80021a94        0x0 C:/devkitPro/devkitPPC/bin/../lib/gcc/powerpc-eabi/15.2.0/../../../../powerpc-eabi/lib\libc.a(libc_a-strcat.o)
                                 0x48 (size before relaxing)
 .eh_frame      0x80021a94        0x0 C:/devkitPro/devkitPPC/bin/../lib/gcc/powerpc-eabi/15.2.0/../../../../powerpc-eabi/lib\libc.a(libc_a-envlock.o)
                                 0x3c (size before relaxing)
 .eh_frame      0x80021a94      0x254 C:/devkitPro/devkitPPC/bin/../lib/gcc/powerpc-eabi/15.2.0/../../../../powerpc-eabi/lib\libc.a(libc_a-mprec.o)
                                0x3a4 (size before relaxing)
 .eh_frame      0x80021ce8        0x0 C:/devkitPro/devkitPPC/bin/../lib/gcc/powerpc-eabi/15.2.0/../../../../powerpc-eabi/lib\libc.a(libc_a-strlcpy.o)
                                 0x28 (size before relaxing)
 .eh_frame      0x80021ce8        0x0 C:/devkitPro/devkitPPC/bin/../lib/gcc/powerpc-eabi/15.2.0/../../../../powerpc-eabi/lib\libc.a(libc_a-strcpy.o)
                                 0x28 (size before relaxing)
 .eh_frame      0x80021ce8        0x0 C:/devkitPro/devkitPPC/bin/../lib/gcc/powerpc-eabi/15.2.0/../../../../powerpc-eabi/lib\libc.a(libc_a-strcasecmp.o)
                                 0x28 (size before relaxing)
 .eh_frame      0x80021ce8       0x38 C:/devkitPro/devkitPPC/bin/../lib/gcc/powerpc-eabi/15.2.0/../../../../powerpc-eabi/lib\libc.a(libc_a-mbtowc_r.o)
                                0x1a4 (size before relaxing)
 .eh_frame      0x80021d20        0x0 C:/devkitPro/devkitPPC/bin/../lib/gcc/powerpc-eabi/15.2.0/../../../../powerpc-eabi/lib\libc.a(libc_a-strncasecmp.o)
                                 0x28 (size before relaxing)
 .eh_frame      0x80021d20       0x3c C:/devkitPro/devkitPPC/bin/../lib/gcc/powerpc-eabi/15.2.0/../../../../powerpc-eabi/lib\libc.a(libc_a-callocr.o)
                                 0x50 (size before relaxing)
 .eh_frame      0x80021d5c       0x34 C:/devkitPro/devkitPPC/bin/../lib/gcc/powerpc-eabi/15.2.0/../../../../powerpc-eabi/lib\libc.a(libc_a-__atexit.o)
                                 0x48 (size before relaxing)
 .eh_frame      0x80021d90       0x20 C:/devkitPro/devkitPPC/bin/../lib/gcc/powerpc-eabi/15.2.0/../../../../powerpc-eabi/lib\libsysbase.a(libsysbase_libsysbase_a-_exit.o)
                                 0x34 (size before relaxing)
 .eh_frame      0x80021db0       0x18 C:/devkitPro/devkitPPC/bin/../lib/gcc/powerpc-eabi/15.2.0/../../../../powerpc-eabi/lib\libsysbase.a(libsysbase_libsysbase_a-assert.o)
                                 0x2c (size before relaxing)
 .eh_frame      0x80021dc8       0x28 C:/devkitPro/devkitPPC/bin/../lib/gcc/powerpc-eabi/15.2.0/../../../../powerpc-eabi/lib\libsysbase.a(libsysbase_libsysbase_a-flock.o)
                                 0x3c (size before relaxing)
 .eh_frame      0x80021df0       0x40 C:/devkitPro/devkitPPC/bin/../lib/gcc/powerpc-eabi/15.2.0/../../../../powerpc-eabi/lib\libsysbase.a(libsysbase_libsysbase_a-fstat.o)
                                 0x54 (size before relaxing)
 .eh_frame      0x80021e30       0x78 C:/devkitPro/devkitPPC/bin/../lib/gcc/powerpc-eabi/15.2.0/../../../../powerpc-eabi/lib\libsysbase.a(libsysbase_libsysbase_a-handle_manager.o)
                                0x178 (size before relaxing)
 .eh_frame      0x80021ea8       0x14 C:/devkitPro/devkitPPC/bin/../lib/gcc/powerpc-eabi/15.2.0/../../../../powerpc-eabi/lib\libsysbase.a(libsysbase_libsysbase_a-isatty.o)
                                 0x28 (size before relaxing)
 .eh_frame      0x80021ebc       0x48 C:/devkitPro/devkitPPC/bin/../lib/gcc/powerpc-eabi/15.2.0/../../../../powerpc-eabi/lib\libsysbase.a(libsysbase_libsysbase_a-lseek.o)
                                 0x5c (size before relaxing)
 .eh_frame      0x80021f04       0x44 C:/devkitPro/devkitPPC/bin/../lib/gcc/powerpc-eabi/15.2.0/../../../../powerpc-eabi/lib\libsysbase.a(libsysbase_libsysbase_a-read.o)
                                 0x58 (size before relaxing)
 .eh_frame      0x80021f48       0x8c C:/devkitPro/devkitPPC/bin/../lib/gcc/powerpc-eabi/15.2.0/../../../../powerpc-eabi/lib\libsysbase.a(libsysbase_libsysbase_a-syscall_support.o)
                                0x184 (size before relaxing)
 .eh_frame      0x80021fd4       0x44 C:/devkitPro/devkitPPC/bin/../lib/gcc/powerpc-eabi/15.2.0/../../../../powerpc-eabi/lib\libsysbase.a(libsysbase_libsysbase_a-write.o)
                                 0x58 (size before relaxing)
 .eh_frame      0x80022018       0x18 C:/devkitPro/devkitPPC/bin/../lib/gcc/powerpc-eabi/15.2.0/../../../../powerpc-eabi/lib\libsysbase.a(libsysbase_libsysbase_a-abort.o)
                                 0x2c (size before relaxing)
 .eh_frame      0x80022030        0x0 C:/devkitPro/devkitPPC/bin/../lib/gcc/powerpc-eabi/15.2.0/../../../../powerpc-eabi/lib\libsysbase.a(libsysbase_libsysbase_a-clocks.o)
                                 0x74 (size before relaxing)
 .eh_frame      0x80022030       0x7c C:/devkitPro/devkitPPC/bin/../lib/gcc/powerpc-eabi/15.2.0\libgcc.a(crtresxgpr.o)
 .eh_frame      0x800220ac        0x0 C:/devkitPro/devkitPPC/bin/../lib/gcc/powerpc-eabi/15.2.0/crtend.o
                                  0x4 (size before relaxing)
 .eh_frame      0x800220ac        0x4 C:/devkitPro/devkitPPC/bin/../lib/gcc/powerpc-eabi/15.2.0/ecrtn.o
                0x800220ac                __EH_FRAME_END__
 *(.eh_frame.*)

.gcc_except_table
 *(.gcc_except_table .gcc_except_table.*)

.gnu_extab
 *(.gnu_extab*)

.ctors          0x800220b0        0xc
 *ecrti.o(.ctors)
 .ctors         0x800220b0        0x0 C:/devkitPro/devkitPPC/bin/../lib/gcc/powerpc-eabi/15.2.0/ecrti.o
                0x800220b0                __CTOR_LIST__
 *crtbegin.o(.ctors)
 .ctors         0x800220b0        0x4 C:/devkitPro/devkitPPC/bin/../lib/gcc/powerpc-eabi/15.2.0/crtbegin.o
 *crtbegin?.o(.ctors)
 *(EXCLUDE_FILE(*crtend?.o *crtend.o *ecrtn.o) .ctors)
 *(SORT_BY_NAME(.ctors.*))
 .ctors.65535   0x800220b4        0x4 C:/devkitPro/devkitPPC/bin/../lib/gcc/powerpc-eabi/15.2.0/../../../../powerpc-eabi/lib\libc.a(libc_a-__call_atexit.o)
 *(SORT_NONE(.ctors))
 .ctors         0x800220b8        0x4 C:/devkitPro/devkitPPC/bin/../lib/gcc/powerpc-eabi/15.2.0/crtend.o
 .ctors         0x800220bc        0x0 C:/devkitPro/devkitPPC/bin/../lib/gcc/powerpc-eabi/15.2.0/ecrtn.o
                0x800220bc                __CTOR_END__

.dtors          0x800220bc        0x8
 *ecrti.o(.dtors)
 .dtors         0x800220bc        0x0 C:/devkitPro/devkitPPC/bin/../lib/gcc/powerpc-eabi/15.2.0/ecrti.o
                0x800220bc                __DTOR_LIST__
 *crtbegin.o(.dtors)
 .dtors         0x800220bc        0x4 C:/devkitPro/devkitPPC/bin/../lib/gcc/powerpc-eabi/15.2.0/crtbegin.o
 *crtbegin?.o(.dtors)
 *(EXCLUDE_FILE(*crtend?.o *crtend.o *ecrtn.o) .dtors)
 *(SORT_BY_NAME(.dtors.*))
 *(SORT_NONE(.dtors))
 .dtors         0x800220c0        0x4 C:/devkitPro/devkitPPC/bin/../lib/gcc/powerpc-eabi/15.2.0/crtend.o
                0x800220c0                __DTOR_END__
 .dtors         0x800220c4        0x0 C:/devkitPro/devkitPPC/bin/../lib/gcc/powerpc-eabi/15.2.0/ecrtn.o

.data           0x800220c8     0x2c00
 *(.data .data.* .gnu.linkonce.d.*)
 .data.defaultConsole
                0x800220c8       0x64 C:/devkitPro/libogc/lib/cube\libogc.a(console.o)
                0x800220c8                defaultConsole
 .data.TVEurgb60Hz480Prog
                0x8002212c       0x3c C:/devkitPro/libogc/lib/cube\libogc.a(video.o)
                0x8002212c                TVEurgb60Hz480Prog
 .data.TVEurgb60Hz480IntDf
                0x80022168       0x3c C:/devkitPro/libogc/lib/cube\libogc.a(video.o)
                0x80022168                TVEurgb60Hz480IntDf
 .data.TVPal576ProgScale
                0x800221a4       0x3c C:/devkitPro/libogc/lib/cube\libogc.a(video.o)
                0x800221a4                TVPal576ProgScale
 .data.TVPal576IntDfScale
                0x800221e0       0x3c C:/devkitPro/libogc/lib/cube\libogc.a(video.o)
                0x800221e0                TVPal576IntDfScale
 .data.TVMpal480Prog
                0x8002221c       0x3c C:/devkitPro/libogc/lib/cube\libogc.a(video.o)
                0x8002221c                TVMpal480Prog
 .data.TVMpal480IntDf
                0x80022258       0x3c C:/devkitPro/libogc/lib/cube\libogc.a(video.o)
                0x80022258                TVMpal480IntDf
 .data.TVNtsc480Prog
                0x80022294       0x3c C:/devkitPro/libogc/lib/cube\libogc.a(video.o)
                0x80022294                TVNtsc480Prog
 .data.TVNtsc480IntDf
                0x800222d0       0x3c C:/devkitPro/libogc/lib/cube\libogc.a(video.o)
                0x800222d0                TVNtsc480IntDf
 .data.pad_resetinfo
                0x8002230c       0x10 C:/devkitPro/libogc/lib/cube\libogc.a(pad.o)
 .data.mem_resetinfo
                0x8002231c       0x10 C:/devkitPro/libogc/lib/cube\libogc.a(system.o)
 .data.si_type  0x8002232c       0x10 C:/devkitPro/libogc/lib/cube\libogc.a(si.o)
 .data.xy       0x8002233c       0x60 C:/devkitPro/libogc/lib/cube\libogc.a(si.o)
 .data.sicntrl  0x8002239c       0x14 C:/devkitPro/libogc/lib/cube\libogc.a(si.o)
 .data.console_font_8x16
                0x800223b0     0x1000 C:/devkitPro/libogc/lib/cube\libogc.a(console_font_8x16.o)
                0x800223b0                console_font_8x16
 .data.devoptab_list
                0x800233b0       0x8c C:/devkitPro/devkitPPC/bin/../lib/gcc/powerpc-eabi/15.2.0/../../../../powerpc-eabi/lib\libsysbase.a(libsysbase_libsysbase_a-iosupport.o)
                0x800233b0                devoptab_list
 .data.__malloc_av_
                0x8002343c      0x408 C:/devkitPro/devkitPPC/bin/../lib/gcc/powerpc-eabi/15.2.0/../../../../powerpc-eabi/lib\libc.a(libc_a-mallocr.o)
                0x8002343c                __malloc_av_
 .data.__sglue  0x80023844        0xc C:/devkitPro/devkitPPC/bin/../lib/gcc/powerpc-eabi/15.2.0/../../../../powerpc-eabi/lib\libc.a(libc_a-findfp.o)
                0x80023844                __sglue
 .data._impure_data
                0x80023850      0x200 C:/devkitPro/devkitPPC/bin/../lib/gcc/powerpc-eabi/15.2.0/../../../../powerpc-eabi/lib\libc.a(libc_a-impure.o)
                0x80023850                _impure_data
 .data.__global_locale
                0x80023a50      0x254 C:/devkitPro/devkitPPC/bin/../lib/gcc/powerpc-eabi/15.2.0/../../../../powerpc-eabi/lib\libc.a(libc_a-locale.o)
                0x80023a50                __global_locale
 .data.handles  0x80023ca4     0x1000 C:/devkitPro/devkitPPC/bin/../lib/gcc/powerpc-eabi/15.2.0/../../../../powerpc-eabi/lib\libsysbase.a(libsysbase_libsysbase_a-handle_manager.o)
 .data.__stderr_handle
                0x80024ca4        0xc C:/devkitPro/devkitPPC/bin/../lib/gcc/powerpc-eabi/15.2.0/../../../../powerpc-eabi/lib\libsysbase.a(libsysbase_libsysbase_a-handle_manager.o)
 .data.__stdout_handle
                0x80024cb0        0xc C:/devkitPro/devkitPPC/bin/../lib/gcc/powerpc-eabi/15.2.0/../../../../powerpc-eabi/lib\libsysbase.a(libsysbase_libsysbase_a-handle_manager.o)
 .data.__stdin_handle
                0x80024cbc        0xc C:/devkitPro/devkitPPC/bin/../lib/gcc/powerpc-eabi/15.2.0/../../../../powerpc-eabi/lib\libsysbase.a(libsysbase_libsysbase_a-handle_manager.o)
 *(.data1)

.sdata          0x80024cc8       0x3c
 *(.sdata .sdata.* .gnu.linkonce.s.*)
 .sdata         0x80024cc8        0x0 C:/devkitPro/devkitPPC/bin/../lib/gcc/powerpc-eabi/15.2.0/ecrti.o
                0x80024cc8                __SDATA_START__
 .sdata         0x80024cc8        0x0 C:/devkitPro/devkitPPC/bin/../lib/gcc/powerpc-eabi/15.2.0/crtbegin.o
                0x8002ccc8                _SDA_BASE_
 .sdata.__system_argv
                0x80024cc8        0x4 C:/devkitPro/libogc/lib/cube\libogc.a(common_crt0.o)
                0x80024cc8                __system_argv
 .sdata.__ppc_main_sp
                0x80024ccc        0x4 C:/devkitPro/libogc/lib/cube\libogc.a(default_stacks.o)
                0x80024ccc                __ppc_main_sp
 .sdata.__ppc_excpt_sp